Archive member included to satisfy reference by file (symbol)

C:/ST/STM32CubeIDE_1.18.0/STM32CubeIDE/plugins/com.st.stm32cube.ide.mcu.externaltools.gnu-tools-for-stm32.13.3.rel1.win32_1.0.0.202411081344/tools/bin/../lib/gcc/arm-none-eabi/13.3.1/../../../../arm-none-eabi/lib/thumb/v7-m/nofp\libc_nano.a(libc_a-atoi.o)
                              ./USB_DEVICE/App/usbd_cdc_if.o (atoi)
C:/ST/STM32CubeIDE_1.18.0/STM32CubeIDE/plugins/com.st.stm32cube.ide.mcu.externaltools.gnu-tools-for-stm32.13.3.rel1.win32_1.0.0.202411081344/tools/bin/../lib/gcc/arm-none-eabi/13.3.1/../../../../arm-none-eabi/lib/thumb/v7-m/nofp\libc_nano.a(libc_a-exit.o)
                              C:/ST/STM32CubeIDE_1.18.0/STM32CubeIDE/plugins/com.st.stm32cube.ide.mcu.externaltools.gnu-tools-for-stm32.13.3.rel1.win32_1.0.0.202411081344/tools/bin/../lib/gcc/arm-none-eabi/13.3.1/../../../../arm-none-eabi/lib/thumb/v7-m/nofp/crt0.o (exit)
C:/ST/STM32CubeIDE_1.18.0/STM32CubeIDE/plugins/com.st.stm32cube.ide.mcu.externaltools.gnu-tools-for-stm32.13.3.rel1.win32_1.0.0.202411081344/tools/bin/../lib/gcc/arm-none-eabi/13.3.1/../../../../arm-none-eabi/lib/thumb/v7-m/nofp\libc_nano.a(libc_a-malloc.o)
                              ./Drivers/ioLibrary_Driver-master/Internet/httpServer/httpServer.o (malloc)
C:/ST/STM32CubeIDE_1.18.0/STM32CubeIDE/plugins/com.st.stm32cube.ide.mcu.externaltools.gnu-tools-for-stm32.13.3.rel1.win32_1.0.0.202411081344/tools/bin/../lib/gcc/arm-none-eabi/13.3.1/../../../../arm-none-eabi/lib/thumb/v7-m/nofp\libc_nano.a(libc_a-mallocr.o)
                              C:/ST/STM32CubeIDE_1.18.0/STM32CubeIDE/plugins/com.st.stm32cube.ide.mcu.externaltools.gnu-tools-for-stm32.13.3.rel1.win32_1.0.0.202411081344/tools/bin/../lib/gcc/arm-none-eabi/13.3.1/../../../../arm-none-eabi/lib/thumb/v7-m/nofp\libc_nano.a(libc_a-malloc.o) (_malloc_r)
C:/ST/STM32CubeIDE_1.18.0/STM32CubeIDE/plugins/com.st.stm32cube.ide.mcu.externaltools.gnu-tools-for-stm32.13.3.rel1.win32_1.0.0.202411081344/tools/bin/../lib/gcc/arm-none-eabi/13.3.1/../../../../arm-none-eabi/lib/thumb/v7-m/nofp\libc_nano.a(libc_a-mlock.o)
                              C:/ST/STM32CubeIDE_1.18.0/STM32CubeIDE/plugins/com.st.stm32cube.ide.mcu.externaltools.gnu-tools-for-stm32.13.3.rel1.win32_1.0.0.202411081344/tools/bin/../lib/gcc/arm-none-eabi/13.3.1/../../../../arm-none-eabi/lib/thumb/v7-m/nofp\libc_nano.a(libc_a-mallocr.o) (__malloc_lock)
C:/ST/STM32CubeIDE_1.18.0/STM32CubeIDE/plugins/com.st.stm32cube.ide.mcu.externaltools.gnu-tools-for-stm32.13.3.rel1.win32_1.0.0.202411081344/tools/bin/../lib/gcc/arm-none-eabi/13.3.1/../../../../arm-none-eabi/lib/thumb/v7-m/nofp\libc_nano.a(libc_a-strtol.o)
                              C:/ST/STM32CubeIDE_1.18.0/STM32CubeIDE/plugins/com.st.stm32cube.ide.mcu.externaltools.gnu-tools-for-stm32.13.3.rel1.win32_1.0.0.202411081344/tools/bin/../lib/gcc/arm-none-eabi/13.3.1/../../../../arm-none-eabi/lib/thumb/v7-m/nofp\libc_nano.a(libc_a-atoi.o) (_strtol_r)
C:/ST/STM32CubeIDE_1.18.0/STM32CubeIDE/plugins/com.st.stm32cube.ide.mcu.externaltools.gnu-tools-for-stm32.13.3.rel1.win32_1.0.0.202411081344/tools/bin/../lib/gcc/arm-none-eabi/13.3.1/../../../../arm-none-eabi/lib/thumb/v7-m/nofp\libc_nano.a(libc_a-ctype_.o)
                              ./Drivers/ioLibrary_Driver-master/Internet/SNMP/snmp.o (_ctype_)
C:/ST/STM32CubeIDE_1.18.0/STM32CubeIDE/plugins/com.st.stm32cube.ide.mcu.externaltools.gnu-tools-for-stm32.13.3.rel1.win32_1.0.0.202411081344/tools/bin/../lib/gcc/arm-none-eabi/13.3.1/../../../../arm-none-eabi/lib/thumb/v7-m/nofp\libc_nano.a(libc_a-findfp.o)
                              C:/ST/STM32CubeIDE_1.18.0/STM32CubeIDE/plugins/com.st.stm32cube.ide.mcu.externaltools.gnu-tools-for-stm32.13.3.rel1.win32_1.0.0.202411081344/tools/bin/../lib/gcc/arm-none-eabi/13.3.1/../../../../arm-none-eabi/lib/thumb/v7-m/nofp\libc_nano.a(libc_a-exit.o) (__stdio_exit_handler)
C:/ST/STM32CubeIDE_1.18.0/STM32CubeIDE/plugins/com.st.stm32cube.ide.mcu.externaltools.gnu-tools-for-stm32.13.3.rel1.win32_1.0.0.202411081344/tools/bin/../lib/gcc/arm-none-eabi/13.3.1/../../../../arm-none-eabi/lib/thumb/v7-m/nofp\libc_nano.a(libc_a-fwalk.o)
                              C:/ST/STM32CubeIDE_1.18.0/STM32CubeIDE/plugins/com.st.stm32cube.ide.mcu.externaltools.gnu-tools-for-stm32.13.3.rel1.win32_1.0.0.202411081344/tools/bin/../lib/gcc/arm-none-eabi/13.3.1/../../../../arm-none-eabi/lib/thumb/v7-m/nofp\libc_nano.a(libc_a-findfp.o) (_fwalk_sglue)
C:/ST/STM32CubeIDE_1.18.0/STM32CubeIDE/plugins/com.st.stm32cube.ide.mcu.externaltools.gnu-tools-for-stm32.13.3.rel1.win32_1.0.0.202411081344/tools/bin/../lib/gcc/arm-none-eabi/13.3.1/../../../../arm-none-eabi/lib/thumb/v7-m/nofp\libc_nano.a(libc_a-printf.o)
                              ./Drivers/ioLibrary_Driver-master/Application/loopback/loopback.o (printf)
[...]
Memory Configuration

Name             Origin             Length             Attributes
RAM              0x20000000         0x00005000         xrw
FLASH            0x08000000         0x00020000         xr
*default*        0x00000000         0xffffffff

Linker script and memory map

LOAD C:/ST/STM32CubeIDE_1.18.0/STM32CubeIDE/plugins/com.st.stm32cube.ide.mcu.externaltools.gnu-tools-for-stm32.13.3.rel1.win32_1.0.0.202411081344/tools/bin/../lib/gcc/arm-none-eabi/13.3.1/thumb/v7-m/nofp/crti.o
LOAD C:/ST/STM32CubeIDE_1.18.0/STM32CubeIDE/plugins/com.st.stm32cube.ide.mcu.externaltools.gnu-tools-for-stm32.13.3.rel1.win32_1.0.0.202411081344/tools/bin/../lib/gcc/arm-none-eabi/13.3.1/thumb/v7-m/nofp/crtbegin.o
LOAD C:/ST/STM32CubeIDE_1.18.0/STM32CubeIDE/plugins/com.st.stm32cube.ide.mcu.externaltools.gnu-tools-for-stm32.13.3.rel1.win32_1.0.0.202411081344/tools/bin/../lib/gcc/arm-none-eabi/13.3.1/../../../../arm-none-eabi/lib/thumb/v7-m/nofp/crt0.o
LOAD ./Core/Src/main.o
LOAD ./Core/Src/si5351.o
LOAD ./Core/Src/stm32f1xx_hal_msp.o
LOAD ./Core/Src/stm32f1xx_it.o
LOAD ./Core/Src/syscalls.o
LOAD ./Core/Src/sysmem.o
LOAD ./Core/Src/system_stm32f1xx.o
LOAD ./Core/Startup/startup_stm32f103c8tx.o
LOAD ./Drivers/OLED/ssd1306.o
LOAD ./Drivers/OLED/ssd1306_fonts.o
LOAD ./Drivers/STM32F1xx_HAL_Driver/Src/stm32f1xx_hal.o
LOAD ./Drivers/STM32F1xx_HAL_Driver/Src/stm32f1xx_hal_cortex.o
LOAD ./Drivers/STM32F1xx_HAL_Driver/Src/stm32f1xx_hal_dma.o
LOAD ./Drivers/STM32F1xx_HAL_Driver/Src/stm32f1xx_hal_exti.o
LOAD ./Drivers/STM32F1xx_HAL_Driver/Src/stm32f1xx_hal_flash.o
LOAD ./Drivers/STM32F1xx_HAL_Driver/Src/stm32f1xx_hal_flash_ex.o
LOAD ./Drivers/STM32F1xx_HAL_Driver/Src/stm32f1xx_hal_gpio.o
LOAD ./Drivers/STM32F1xx_HAL_Driver/Src/stm32f1xx_hal_gpio_ex.o
LOAD ./Drivers/STM32F1xx_HAL_Driver/Src/stm32f1xx_hal_i2c.o
LOAD ./Drivers/STM32F1xx_HAL_Driver/Src/stm32f1xx_hal_pcd.o
LOAD ./Drivers/STM32F1xx_HAL_Driver/Src/stm32f1xx_hal_pcd_ex.o
LOAD ./Drivers/STM32F1xx_HAL_Driver/Src/stm32f1xx_hal_pwr.o
LOAD ./Drivers/STM32F1xx_HAL_Driver/Src/stm32f1xx_hal_rcc.o
LOAD ./Drivers/STM32F1xx_HAL_Driver/Src/stm32f1xx_hal_rcc_ex.o
LOAD ./Drivers/STM32F1xx_HAL_Driver/Src/stm32f1xx_hal_spi.o
LOAD ./Drivers/STM32F1xx_HAL_Driver/Src/stm32f1xx_hal_tim.o
LOAD ./Drivers/STM32F1xx_HAL_Driver/Src/stm32f1xx_hal_tim_ex.o
LOAD ./Drivers/STM32F1xx_HAL_Driver/Src/stm32f1xx_ll_usb.o
LOAD ./Drivers/ioLibrary_Driver-master/Application/loopback/loopback.o
LOAD ./Drivers/ioLibrary_Driver-master/Application/multicast/multicast.o
LOAD ./Drivers/ioLibrary_Driver-master/Ethernet/W5500/w5500.o
LOAD ./Drivers/ioLibrary_Driver-master/Ethernet/socket.o
LOAD ./Drivers/ioLibrary_Driver-master/Ethernet/wizchip_conf.o
LOAD ./Drivers/ioLibrary_Driver-master/Internet/AAC/AddressAutoConfig.o
LOAD ./Drivers/ioLibrary_Driver-master/Internet/DHCP/dhcp.o
LOAD ./Drivers/ioLibrary_Driver-master/Internet/DHCP6/dhcpv6.o
LOAD ./Drivers/ioLibrary_Driver-master/Internet/DNS/dns.o
LOAD ./Drivers/ioLibrary_Driver-master/Internet/MQTT/MQTTClient.o
LOAD ./Drivers/ioLibrary_Driver-master/Internet/MQTT/mqtt_interface.o
LOAD ./Drivers/ioLibrary_Driver-master/Internet/MQTT/MQTTPacket/src/MQTTConnectClient.o
LOAD ./Drivers/ioLibrary_Driver-master/Internet/MQTT/MQTTPacket/src/MQTTConnectServer.o
LOAD ./Drivers/ioLibrary_Driver-master/Internet/MQTT/MQTTPacket/src/MQTTDeserializePublish.o
LOAD ./Drivers/ioLibrary_Driver-master/Internet/MQTT/MQTTPacket/src/MQTTFormat.o
LOAD ./Drivers/ioLibrary_Driver-master/Internet/MQTT/MQTTPacket/src/MQTTPacket.o
LOAD ./Drivers/ioLibrary_Driver-master/Internet/MQTT/MQTTPacket/src/MQTTSerializePublish.o
LOAD ./Drivers/ioLibrary_Driver-master/Internet/MQTT/MQTTPacket/src/MQTTSubscribeClient.o
LOAD ./Drivers/ioLibrary_Driver-master/Internet/MQTT/MQTTPacket/src/MQTTSubscribeServer.o
LOAD ./Drivers/ioLibrary_Driver-master/Internet/MQTT/MQTTPacket/src/MQTTUnsubscribeClient.o
LOAD ./Drivers/ioLibrary_Driver-master/Internet/MQTT/MQTTPacket/src/MQTTUnsubscribeServer.o
LOAD ./Drivers/ioLibrary_Driver-master/Internet/SNMP/snmp.o
LOAD ./Drivers/ioLibrary_Driver-master/Internet/SNMP/snmp_custom.o
LOAD ./Drivers/ioLibrary_Driver-master/Internet/SNTP/sntp.o
LOAD ./Drivers/ioLibrary_Driver-master/Internet/TFTP/netutil.o
LOAD ./Drivers/ioLibrary_Driver-master/Internet/TFTP/tftp.o
LOAD ./Drivers/ioLibrary_Driver-master/Internet/httpServer/httpParser.o
LOAD ./Drivers/ioLibrary_Driver-master/Internet/httpServer/httpServer.o
LOAD ./Drivers/ioLibrary_Driver-master/Internet/httpServer/httpUtil.o
LOAD ./Middlewares/ST/STM32_USB_Device_Library/Class/CDC/Src/usbd_cdc.o
LOAD ./Middlewares/ST/STM32_USB_Device_Library/Core/Src/usbd_core.o
LOAD ./Middlewares/ST/STM32_USB_Device_Library/Core/Src/usbd_ctlreq.o
LOAD ./Middlewares/ST/STM32_USB_Device_Library/Core/Src/usbd_ioreq.o
LOAD ./USB_DEVICE/App/usb_device.o
LOAD ./USB_DEVICE/App/usbd_cdc_if.o
LOAD ./USB_DEVICE/App/usbd_desc.o
LOAD ./USB_DEVICE/Target/usbd_conf.o
START GROUP
LOAD C:/ST/STM32CubeIDE_1.18.0/STM32CubeIDE/plugins/com.st.stm32cube.ide.mcu.externaltools.gnu-tools-for-stm32.13.3.rel1.win32_1.0.0.202411081344/tools/bin/../lib/gcc/arm-none-eabi/13.3.1/../../../../arm-none-eabi/lib/thumb/v7-m/nofp\libc_nano.a
LOAD C:/ST/STM32CubeIDE_1.18.0/STM32CubeIDE/plugins/com.st.stm32cube.ide.mcu.externaltools.gnu-tools-for-stm32.13.3.rel1.win32_1.0.0.202411081344/tools/bin/../lib/gcc/arm-none-eabi/13.3.1/../../../../arm-none-eabi/lib/thumb/v7-m/nofp\libm.a
END GROUP
START GROUP
LOAD C:/ST/STM32CubeIDE_1.18.0/STM32CubeIDE/plugins/com.st.stm32cube.ide.mcu.externaltools.gnu-tools-for-stm32.13.3.rel1.win32_1.0.0.202411081344/tools/bin/../lib/gcc/arm-none-eabi/13.3.1/thumb/v7-m/nofp\libgcc.a
LOAD C:/ST/STM32CubeIDE_1.18.0/STM32CubeIDE/plugins/com.st.stm32cube.ide.mcu.externaltools.gnu-tools-for-stm32.13.3.rel1.win32_1.0.0.202411081344/tools/bin/../lib/gcc/arm-none-eabi/13.3.1/../../../../arm-none-eabi/lib/thumb/v7-m/nofp\libc_nano.a
END GROUP
START GROUP
LOAD C:/ST/STM32CubeIDE_1.18.0/STM32CubeIDE/plugins/com.st.stm32cube.ide.mcu.externaltools.gnu-tools-for-stm32.13.3.rel1.win32_1.0.0.202411081344/tools/bin/../lib/gcc/arm-none-eabi/13.3.1/thumb/v7-m/nofp\libgcc.a
LOAD C:/ST/STM32CubeIDE_1.18.0/STM32CubeIDE/plugins/com.st.stm32cube.ide.mcu.externaltools.gnu-tools-for-stm32.13.3.rel1.win32_1.0.0.202411081344/tools/bin/../lib/gcc/arm-none-eabi/13.3.1/../../../../arm-none-eabi/lib/thumb/v7-m/nofp\libc_nano.a
LOAD C:/ST/STM32CubeIDE_1.18.0/STM32CubeIDE/plugins/com.st.stm32cube.ide.mcu.externaltools.gnu-tools-for-stm32.13.3.rel1.win32_1.0.0.202411081344/tools/bin/../lib/gcc/arm-none-eabi/13.3.1/../../../../arm-none-eabi/lib/thumb/v7-m/nofp\libnosys.a
END GROUP
START GROUP
LOAD C:/ST/STM32CubeIDE_1.18.0/STM32CubeIDE/plugins/com.st.stm32cube.ide.mcu.externaltools.gnu-tools-for-stm32.13.3.rel1.win32_1.0.0.202411081344/tools/bin/../lib/gcc/arm-none-eabi/13.3.1/thumb/v7-m/nofp\libgcc.a
LOAD C:/ST/STM32CubeIDE_1.18.0/STM32CubeIDE/plugins/com.st.stm32cube.ide.mcu.externaltools.gnu-tools-for-stm32.13.3.rel1.win32_1.0.0.202411081344/tools/bin/../lib/gcc/arm-none-eabi/13.3.1/../../../../arm-none-eabi/lib/thumb/v7-m/nofp\libc_nano.a
LOAD C:/ST/STM32CubeIDE_1.18.0/STM32CubeIDE/plugins/com.st.stm32cube.ide.mcu.externaltools.gnu-tools-for-stm32.13.3.rel1.win32_1.0.0.202411081344/tools/bin/../lib/gcc/arm-none-eabi/13.3.1/../../../../arm-none-eabi/lib/thumb/v7-m/nofp\libnosys.a
END GROUP
LOAD C:/ST/STM32CubeIDE_1.18.0/STM32CubeIDE/plugins/com.st.stm32cube.ide.mcu.externaltools.gnu-tools-for-stm32.13.3.rel1.win32_1.0.0.202411081344/tools/bin/../lib/gcc/arm-none-eabi/13.3.1/thumb/v7-m/nofp/crtend.o
LOAD C:/ST/STM32CubeIDE_1.18.0/STM32CubeIDE/plugins/com.st.stm32cube.ide.mcu.externaltools.gnu-tools-for-stm32.13.3.rel1.win32_1.0.0.202411081344/tools/bin/../lib/gcc/arm-none-eabi/13.3.1/thumb/v7-m/nofp/crtn.o
                0x20005000                        _estack = (ORIGIN (RAM) + LENGTH (RAM))
                0x00000200                        _Min_Heap_Size = 0x200
                0x00000400                        _Min_Stack_Size = 0x400

.isr_vector     0x08000000      0x10c
                0x08000000                        . = ALIGN (0x4)
 *(.isr_vector)
 .isr_vector    0x08000000      0x10c ./Core/Startup/startup_stm32f103c8tx.o
                0x08000000                g_pfnVectors
                0x0800010c                        . = ALIGN (0x4)

.text           0x08000110    0x15dd8
                0x08000110                        . = ALIGN (0x4)
 *(.text)
 .text          0x08000110       0x40 C:/ST/STM32CubeIDE_1.18.0/STM32CubeIDE/plugins/com.st.stm32cube.ide.mcu.externaltools.gnu-tools-for-stm32.13.3.rel1.win32_1.0.0.202411081344/tools/bin/../lib/gcc/arm-none-eabi/13.3.1/thumb/v7-m/nofp/crtbegin.o
 .text          0x08000150       0x10 C:/ST/STM32CubeIDE_1.18.0/STM32CubeIDE/plugins/com.st.stm32cube.ide.mcu.externaltools.gnu-tools-for-stm32.13.3.rel1.win32_1.0.0.202411081344/tools/bin/../lib/gcc/arm-none-eabi/13.3.1/../../../../arm-none-eabi/lib/thumb/v7-m/nofp\libc_nano.a(libc_a-strlen.o)
                0x08000150                strlen
 .text          0x08000160      0x378 C:/ST/STM32CubeIDE_1.18.0/STM32CubeIDE/plugins/com.st.stm32cube.ide.mcu.externaltools.gnu-tools-for-stm32.13.3.rel1.win32_1.0.0.202411081344/tools/bin/../lib/gcc/arm-none-eabi/13.3.1/thumb/v7-m/nofp\libgcc.a(_arm_addsubdf3.o)
                0x08000160                __aeabi_drsub
                0x08000168                __aeabi_dsub
                0x08000168                __subdf3
                0x0800016c                __aeabi_dadd
                0x0800016c                __adddf3
                0x080003e4                __floatunsidf
                0x080003e4                __aeabi_ui2d
                0x08000404                __floatsidf
                0x08000404                __aeabi_i2d
                0x08000428                __aeabi_f2d
                0x08000428                __extendsfdf2
                0x0800046c                __floatundidf
                0x0800046c                __aeabi_ul2d
                0x0800047c                __floatdidf
                0x0800047c                __aeabi_l2d
 .text          0x080004d8      0x424 C:/ST/STM32CubeIDE_1.18.0/STM32CubeIDE/plugins/com.st.stm32cube.ide.mcu.externaltools.gnu-tools-for-stm32.13.3.rel1.win32_1.0.0.202411081344/tools/bin/../lib/gcc/arm-none-eabi/13.3.1/thumb/v7-m/nofp\libgcc.a(_arm_muldivdf3.o)
                0x080004d8                __aeabi_dmul
                0x080004d8                __muldf3
                0x0800072c                __divdf3
                0x0800072c                __aeabi_ddiv
 .text          0x080008fc      0x110 C:/ST/STM32CubeIDE_1.18.0/STM32CubeIDE/plugins/com.st.stm32cube.ide.mcu.externaltools.gnu-tools-for-stm32.13.3.rel1.win32_1.0.0.202411081344/tools/bin/../lib/gcc/arm-none-eabi/13.3.1/thumb/v7-m/nofp\libgcc.a(_arm_cmpdf2.o)
                0x080008fc                __gtdf2
                0x080008fc                __gedf2
                0x08000904                __ltdf2
                0x08000904                __ledf2
                0x0800090c                __nedf2
                0x0800090c                __eqdf2
                0x0800090c                __cmpdf2
                0x08000988                __aeabi_cdrcmple
                0x08000998                __aeabi_cdcmpeq
                0x08000998                __aeabi_cdcmple
                0x080009a8                __aeabi_dcmpeq
                0x080009bc                __aeabi_dcmplt
                0x080009d0                __aeabi_dcmple
                0x080009e4                __aeabi_dcmpge
                0x080009f8                __aeabi_dcmpgt
 .text          0x08000a0c       0x2c C:/ST/STM32CubeIDE_1.18.0/STM32CubeIDE/plugins/com.st.stm32cube.ide.mcu.externaltools.gnu-tools-for-stm32.13.3.rel1.win32_1.0.0.202411081344/tools/bin/../lib/gcc/arm-none-eabi/13.3.1/thumb/v7-m/nofp\libgcc.a(_arm_unorddf2.o)
                0x08000a0c                __unorddf2
                0x08000a0c                __aeabi_dcmpun
 .text          0x08000a38       0x50 C:/ST/STM32CubeIDE_1.18.0/STM32CubeIDE/plugins/com.st.stm32cube.ide.mcu.externaltools.gnu-tools-for-stm32.13.3.rel1.win32_1.0.0.202411081344/tools/bin/../lib/gcc/arm-none-eabi/13.3.1/thumb/v7-m/nofp\libgcc.a(_arm_fixdfsi.o)
                0x08000a38                __aeabi_d2iz
                0x08000a38                __fixdfsi
 .text          0x08000a88       0xa0 C:/ST/STM32CubeIDE_1.18.0/STM32CubeIDE/plugins/com.st.stm32cube.ide.mcu.externaltools.gnu-tools-for-stm32.13.3.rel1.win32_1.0.0.202411081344/tools/bin/../lib/gcc/arm-none-eabi/13.3.1/thumb/v7-m/nofp\libgcc.a(_aeabi_ldivmod.o)
                0x08000a88                __aeabi_ldivmod
 .text          0x08000b28       0x30 C:/ST/STM32CubeIDE_1.18.0/STM32CubeIDE/plugins/com.st.stm32cube.ide.mcu.externaltools.gnu-tools-for-stm32.13.3.rel1.win32_1.0.0.202411081344/tools/bin/../lib/gcc/arm-none-eabi/13.3.1/thumb/v7-m/nofp\libgcc.a(_aeabi_uldivmod.o)
                0x08000b28                __aeabi_uldivmod
 .text          0x08000b58      0x300 C:/ST/STM32CubeIDE_1.18.0/STM32CubeIDE/plugins/com.st.stm32cube.ide.mcu.externaltools.gnu-tools-for-stm32.13.3.rel1.win32_1.0.0.202411081344/tools/bin/../lib/gcc/arm-none-eabi/13.3.1/thumb/v7-m/nofp\libgcc.a(_udivmoddi4.o)
                0x08000b58                __udivmoddi4
 .text          0x08000e58        0x4 C:/ST/STM32CubeIDE_1.18.0/STM32CubeIDE/plugins/com.st.stm32cube.ide.mcu.externaltools.gnu-tools-for-stm32.13.3.rel1.win32_1.0.0.202411081344/tools/bin/../lib/gcc/arm-none-eabi/13.3.1/thumb/v7-m/nofp\libgcc.a(_dvmd_tls.o)
                0x08000e58                __aeabi_idiv0
                0x08000e58                __aeabi_ldiv0
 *(.text*)
 .text.set_freqq
                0x08000e5c      0x188 ./Core/Src/main.o
                0x08000e5c                set_freqq
 .text.int_to_str
                0x08000fe4       0xa4 ./Core/Src/main.o
                0x08000fe4                int_to_str
 .text.Is_Flash_Valid
                0x08001088       0x2c ./Core/Src/main.o
                0x08001088                Is_Flash_Valid
 .text.Read_Flash_Array
                0x080010b4       0x3c ./Core/Src/main.o
                0x080010b4                Read_Flash_Array
 .text.Write_Flash_Array
                0x080010f0       0xbc ./Core/Src/main.o
                0x080010f0                Write_Flash_Array
 .text.get_encoder
                0x080011ac       0x1c ./Core/Src/main.o
                0x080011ac                get_encoder
 .text.set_encoder
                0x080011c8       0x20 ./Core/Src/main.o
                0x080011c8                set_encoder
 .text.print_interface_mode0
                0x080011e8       0xd0 ./Core/Src/main.o
                0x080011e8                print_interface_mode0
 .text.print_interface_mode1
                0x080012b8      0x244 ./Core/Src/main.o
                0x080012b8                print_interface_mode1
 .text.int_mode_0
                0x080014fc       0x94 ./Core/Src/main.o
                0x080014fc                int_mode_0
 .text.min_freq
                0x08001590       0x40 ./Core/Src/main.o
                0x08001590                min_freq
 .text.max_freq
                0x080015d0       0xac ./Core/Src/main.o
                0x080015d0                max_freq
 .text.int_mode_1
                0x0800167c      0x2a4 ./Core/Src/main.o
                0x0800167c                int_mode_1
 .text.str_to_int
                0x08001920       0x56 ./Core/Src/main.o
                0x08001920                str_to_int
 *fill*         0x08001976        0x2 
 .text.W5500_Select
                0x08001978       0x18 ./Core/Src/main.o
                0x08001978                W5500_Select
 .text.W5500_Unselect
                0x08001990       0x18 ./Core/Src/main.o
                0x08001990                W5500_Unselect
 .text.W5500_ReadBuff
                0x080019a8       0x28 ./Core/Src/main.o
                0x080019a8                W5500_ReadBuff
 .text.W5500_WriteBuff
                0x080019d0       0x28 ./Core/Src/main.o
                0x080019d0                W5500_WriteBuff
 .text.W5500_ReadByte
                0x080019f8       0x1a ./Core/Src/main.o
                0x080019f8                W5500_ReadByte
 .text.W5500_WriteByte
                0x08001a12       0x1c ./Core/Src/main.o
                0x08001a12                W5500_WriteByte
 *fill*         0x08001a2e        0x2 
 .text.Callback_IPAssigned
                0x08001a30       0x18 ./Core/Src/main.o
                0x08001a30                Callback_IPAssigned
 .text.Callback_IPConflict
                0x08001a48       0x18 ./Core/Src/main.o
                0x08001a48                Callback_IPConflict
 .text.process_client_connection
                0x08001a60      0x184 ./Core/Src/main.o
                0x08001a60                process_client_connection
 .text.init_server
                0x08001be4       0x84 ./Core/Src/main.o
                0x08001be4                init_server
 .text.ethernet_work
                0x08001c68       0xd8 ./Core/Src/main.o
                0x08001c68                ethernet_work
 .text.W5500Init
                0x08001d40      0x120 ./Core/Src/main.o
                0x08001d40                W5500Init
 .text.HAL_TIM_PeriodElapsedCallback
                0x08001e60       0x44 ./Core/Src/main.o
                0x08001e60                HAL_TIM_PeriodElapsedCallback
 .text.main     0x08001ea4      0x290 ./Core/Src/main.o
                0x08001ea4                main
 .text.SystemClock_Config
                0x08002134       0xb4 ./Core/Src/main.o
                0x08002134                SystemClock_Config
 .text.MX_I2C1_Init
                0x080021e8       0x5c ./Core/Src/main.o
 .text.MX_I2C2_Init
                0x08002244       0x5c ./Core/Src/main.o
 .text.MX_SPI1_Init
                0x080022a0       0x6c ./Core/Src/main.o
 .text.MX_TIM1_Init
                0x0800230c       0xb0 ./Core/Src/main.o
 .text.MX_TIM2_Init
                0x080023bc       0xb4 ./Core/Src/main.o
 .text.MX_GPIO_Init
                0x08002470       0xf0 ./Core/Src/main.o
 .text.Error_Handler
                0x08002560        0xc ./Core/Src/main.o
                0x08002560                Error_Handler
 .text.si5351_init
                0x0800256c       0xc0 ./Core/Src/si5351.o
                0x0800256c                si5351_init
 *fill*         0x0800262c        0x4 
 .text.si5351_reset
                0x08002630      0x18c ./Core/Src/si5351.o
                0x08002630                si5351_reset
 *fill*         0x080027bc        0x4 
 .text.si5351_set_freq
                0x080027c0      0x4c8 ./Core/Src/si5351.o
                0x080027c0                si5351_set_freq
 .text.set_pll  0x08002c88      0x1cc ./Core/Src/si5351.o
                0x08002c88                set_pll
 .text.set_ms   0x08002e54      0x2ec ./Core/Src/si5351.o
                0x08002e54                set_ms
 .text.output_enable
                0x08003140       0x60 ./Core/Src/si5351.o
                0x08003140                output_enable
 .text.si5351_drive_strength
                0x080031a0       0x8c ./Core/Src/si5351.o
                0x080031a0                si5351_drive_strength
 .text.set_correction
                0x0800322c       0x44 ./Core/Src/si5351.o
                0x0800322c                set_correction
 .text.pll_reset
                0x08003270       0x30 ./Core/Src/si5351.o
                0x08003270                pll_reset
 .text.set_ms_source
                0x080032a0       0x64 ./Core/Src/si5351.o
                0x080032a0                set_ms_source
 .text.set_int  0x08003304       0x50 ./Core/Src/si5351.o
                0x08003304                set_int
 .text.set_ref_freq
                0x08003354       0xa0 ./Core/Src/si5351.o
                0x08003354                set_ref_freq
 *fill*         0x080033f4        0x4 
 .text.pll_calc
                0x080033f8      0x6c0 ./Core/Src/si5351.o
                0x080033f8                pll_calc
 .text.multisynth_calc
                0x08003ab8      0x2b8 ./Core/Src/si5351.o
                0x08003ab8                multisynth_calc
 .text.multisynth67_calc
                0x08003d70      0x220 ./Core/Src/si5351.o
                0x08003d70                multisynth67_calc
 .text.ms_div   0x08003f90      0x10c ./Core/Src/si5351.o
                0x08003f90                ms_div
 .text.select_r_div
                0x0800409c      0x200 ./Core/Src/si5351.o
                0x0800409c                select_r_div
 .text.select_r_div_ms67
                0x0800429c      0x200 ./Core/Src/si5351.o
                0x0800429c                select_r_div_ms67
 .text.si5351_write_bulk
                0x0800449c       0x58 ./Core/Src/si5351.o
                0x0800449c                si5351_write_bulk
 .text.si5351_write
                0x080044f4       0x54 ./Core/Src/si5351.o
                0x080044f4                si5351_write
 .text.si5351_read
                0x08004548       0x5c ./Core/Src/si5351.o
                0x08004548                si5351_read
 .text.HAL_MspInit
                0x080045a4       0x94 ./Core/Src/stm32f1xx_hal_msp.o
                0x080045a4                HAL_MspInit
 .text.HAL_I2C_MspInit
                0x08004638      0x118 ./Core/Src/stm32f1xx_hal_msp.o
                0x08004638                HAL_I2C_MspInit
 .text.HAL_SPI_MspInit
                0x08004750       0xa4 ./Core/Src/stm32f1xx_hal_msp.o
                0x08004750                HAL_SPI_MspInit
 .text.HAL_TIM_Encoder_MspInit
                0x080047f4       0xc0 ./Core/Src/stm32f1xx_hal_msp.o
                0x080047f4                HAL_TIM_Encoder_MspInit
 .text.HAL_TIM_PWM_MspInit
                0x080048b4       0x48 ./Core/Src/stm32f1xx_hal_msp.o
                0x080048b4                HAL_TIM_PWM_MspInit
 .text.HAL_TIM_MspPostInit
                0x080048fc       0x8c ./Core/Src/stm32f1xx_hal_msp.o
                0x080048fc                HAL_TIM_MspPostInit
 .text.NMI_Handler
                0x08004988        0x8 ./Core/Src/stm32f1xx_it.o
                0x08004988                NMI_Handler
 .text.HardFault_Handler
                0x08004990        0x8 ./Core/Src/stm32f1xx_it.o
                0x08004990                HardFault_Handler
 .text.MemManage_Handler
                0x08004998        0x8 ./Core/Src/stm32f1xx_it.o
                0x08004998                MemManage_Handler
 .text.BusFault_Handler
                0x080049a0        0x8 ./Core/Src/stm32f1xx_it.o
                0x080049a0                BusFault_Handler
 .text.UsageFault_Handler
                0x080049a8        0x8 ./Core/Src/stm32f1xx_it.o
                0x080049a8                UsageFault_Handler
 .text.SVC_Handler
                0x080049b0        0xc ./Core/Src/stm32f1xx_it.o
                0x080049b0                SVC_Handler
 .text.DebugMon_Handler
                0x080049bc        0xc ./Core/Src/stm32f1xx_it.o
                0x080049bc                DebugMon_Handler
 .text.PendSV_Handler
                0x080049c8        0xc ./Core/Src/stm32f1xx_it.o
                0x080049c8                PendSV_Handler
 .text.SysTick_Handler
                0x080049d4        0xc ./Core/Src/stm32f1xx_it.o
                0x080049d4                SysTick_Handler
 .text.PVD_IRQHandler
                0x080049e0        0xc ./Core/Src/stm32f1xx_it.o
                0x080049e0                PVD_IRQHandler
 .text.FLASH_IRQHandler
                0x080049ec        0xc ./Core/Src/stm32f1xx_it.o
                0x080049ec                FLASH_IRQHandler
 .text.RCC_IRQHandler
                0x080049f8        0xc ./Core/Src/stm32f1xx_it.o
                0x080049f8                RCC_IRQHandler
 .text.USB_HP_CAN1_TX_IRQHandler
                0x08004a04       0x14 ./Core/Src/stm32f1xx_it.o
                0x08004a04                USB_HP_CAN1_TX_IRQHandler
 .text.USB_LP_CAN1_RX0_IRQHandler
                0x08004a18       0x14 ./Core/Src/stm32f1xx_it.o
                0x08004a18                USB_LP_CAN1_RX0_IRQHandler
 .text.TIM1_BRK_IRQHandler
                0x08004a2c       0x14 ./Core/Src/stm32f1xx_it.o
                0x08004a2c                TIM1_BRK_IRQHandler
 .text.TIM1_UP_IRQHandler
                0x08004a40       0x14 ./Core/Src/stm32f1xx_it.o
                0x08004a40                TIM1_UP_IRQHandler
 .text.TIM1_TRG_COM_IRQHandler
                0x08004a54       0x14 ./Core/Src/stm32f1xx_it.o
                0x08004a54                TIM1_TRG_COM_IRQHandler
 .text.TIM1_CC_IRQHandler
                0x08004a68       0x14 ./Core/Src/stm32f1xx_it.o
                0x08004a68                TIM1_CC_IRQHandler
 .text.TIM2_IRQHandler
                0x08004a7c       0x14 ./Core/Src/stm32f1xx_it.o
                0x08004a7c                TIM2_IRQHandler
 .text.I2C1_EV_IRQHandler
                0x08004a90       0x14 ./Core/Src/stm32f1xx_it.o
                0x08004a90                I2C1_EV_IRQHandler
 .text.I2C1_ER_IRQHandler
                0x08004aa4       0x14 ./Core/Src/stm32f1xx_it.o
                0x08004aa4                I2C1_ER_IRQHandler
 .text.I2C2_EV_IRQHandler
                0x08004ab8       0x14 ./Core/Src/stm32f1xx_it.o
                0x08004ab8                I2C2_EV_IRQHandler
 .text.I2C2_ER_IRQHandler
                0x08004acc       0x14 ./Core/Src/stm32f1xx_it.o
                0x08004acc                I2C2_ER_IRQHandler
 .text.SPI1_IRQHandler
                0x08004ae0       0x14 ./Core/Src/stm32f1xx_it.o
                0x08004ae0                SPI1_IRQHandler
 .text._sbrk    0x08004af4       0x6c ./Core/Src/sysmem.o
                0x08004af4                _sbrk
 .text.SystemInit
                0x08004b60        0xc ./Core/Src/system_stm32f1xx.o
                0x08004b60                SystemInit
 .text.Reset_Handler
                0x08004b6c       0x48 ./Core/Startup/startup_stm32f103c8tx.o
                0x08004b6c                Reset_Handler
 .text.Default_Handler
                0x08004bb4        0x2 ./Core/Startup/startup_stm32f103c8tx.o
                0x08004bb4                RTC_Alarm_IRQHandler
                0x08004bb4                EXTI2_IRQHandler
                0x08004bb4                EXTI3_IRQHandler
                0x08004bb4                EXTI0_IRQHandler
                0x08004bb4                ADC1_2_IRQHandler
                0x08004bb4                TAMPER_IRQHandler
                0x08004bb4                DMA1_Channel4_IRQHandler
                0x08004bb4                USART3_IRQHandler
                0x08004bb4                RTC_IRQHandler
                0x08004bb4                DMA1_Channel7_IRQHandler
                0x08004bb4                CAN1_RX1_IRQHandler
                0x08004bb4                TIM4_IRQHandler
                0x08004bb4                DMA1_Channel6_IRQHandler
                0x08004bb4                TIM3_IRQHandler
                0x08004bb4                DMA1_Channel1_IRQHandler
                0x08004bb4                Default_Handler
                0x08004bb4                EXTI15_10_IRQHandler
                0x08004bb4                EXTI9_5_IRQHandler
                0x08004bb4                SPI2_IRQHandler
                0x08004bb4                DMA1_Channel5_IRQHandler
                0x08004bb4                EXTI4_IRQHandler
                0x08004bb4                DMA1_Channel3_IRQHandler
                0x08004bb4                WWDG_IRQHandler
                0x08004bb4                EXTI1_IRQHandler
                0x08004bb4                USART2_IRQHandler
                0x08004bb4                DMA1_Channel2_IRQHandler
                0x08004bb4                CAN1_SCE_IRQHandler
                0x08004bb4                USART1_IRQHandler
                0x08004bb4                USBWakeUp_IRQHandler
 .text.ssd1306_Reset
                0x08004bb6        0xc ./Drivers/OLED/ssd1306.o
                0x08004bb6                ssd1306_Reset
 *fill*         0x08004bc2        0x2 
 .text.ssd1306_WriteCommand
                0x08004bc4       0x30 ./Drivers/OLED/ssd1306.o
                0x08004bc4                ssd1306_WriteCommand
 .text.ssd1306_WriteData
                0x08004bf4       0x34 ./Drivers/OLED/ssd1306.o
                0x08004bf4                ssd1306_WriteData
 .text.ssd1306_Init
                0x08004c28       0xd4 ./Drivers/OLED/ssd1306.o
                0x08004c28                ssd1306_Init
 .text.ssd1306_Fill
                0x08004cfc       0x30 ./Drivers/OLED/ssd1306.o
                0x08004cfc                ssd1306_Fill
 .text.ssd1306_UpdateScreen
                0x08004d2c       0x50 ./Drivers/OLED/ssd1306.o
                0x08004d2c                ssd1306_UpdateScreen
 .text.ssd1306_DrawPixel
                0x08004d7c       0xa4 ./Drivers/OLED/ssd1306.o
                0x08004d7c                ssd1306_DrawPixel
 .text.ssd1306_WriteChar
                0x08004e20      0x124 ./Drivers/OLED/ssd1306.o
                0x08004e20                ssd1306_WriteChar
 .text.ssd1306_WriteString
                0x08004f44       0x4c ./Drivers/OLED/ssd1306.o
                0x08004f44                ssd1306_WriteString
 .text.ssd1306_SetCursor
                0x08004f90       0x30 ./Drivers/OLED/ssd1306.o
                0x08004f90                ssd1306_SetCursor
 .text.ssd1306_SetContrast
                0x08004fc0       0x26 ./Drivers/OLED/ssd1306.o
                0x08004fc0                ssd1306_SetContrast
 *fill*         0x08004fe6        0x2 
 .text.ssd1306_SetDisplayOn
                0x08004fe8       0x3c ./Drivers/OLED/ssd1306.o
                0x08004fe8                ssd1306_SetDisplayOn
 .text.HAL_Init
                0x08005024       0x2c ./Drivers/STM32F1xx_HAL_Driver/Src/stm32f1xx_hal.o
                0x08005024                HAL_Init
 .text.HAL_InitTick
                0x08005050       0x60 ./Drivers/STM32F1xx_HAL_Driver/Src/stm32f1xx_hal.o
                0x08005050                HAL_InitTick
 .text.HAL_IncTick
                0x080050b0       0x24 ./Drivers/STM32F1xx_HAL_Driver/Src/stm32f1xx_hal.o
                0x080050b0                HAL_IncTick
 .text.HAL_GetTick
                0x080050d4       0x14 ./Drivers/STM32F1xx_HAL_Driver/Src/stm32f1xx_hal.o
                0x080050d4                HAL_GetTick
 .text.HAL_Delay
                0x080050e8       0x48 ./Drivers/STM32F1xx_HAL_Driver/Src/stm32f1xx_hal.o
                0x080050e8                HAL_Delay
 .text.__NVIC_SetPriorityGrouping
                0x08005130       0x48 ./Drivers/STM32F1xx_HAL_Driver/Src/stm32f1xx_hal_cortex.o
 .text.__NVIC_GetPriorityGrouping
                0x08005178       0x1c ./Drivers/STM32F1xx_HAL_Driver/Src/stm32f1xx_hal_cortex.o
 .text.__NVIC_EnableIRQ
                0x08005194       0x38 ./Drivers/STM32F1xx_HAL_Driver/Src/stm32f1xx_hal_cortex.o
 .text.__NVIC_SetPriority
                0x080051cc       0x54 ./Drivers/STM32F1xx_HAL_Driver/Src/stm32f1xx_hal_cortex.o
 .text.NVIC_EncodePriority
                0x08005220       0x64 ./Drivers/STM32F1xx_HAL_Driver/Src/stm32f1xx_hal_cortex.o
 .text.SysTick_Config
                0x08005284       0x44 ./Drivers/STM32F1xx_HAL_Driver/Src/stm32f1xx_hal_cortex.o
 .text.HAL_NVIC_SetPriorityGrouping
                0x080052c8       0x16 ./Drivers/STM32F1xx_HAL_Driver/Src/stm32f1xx_hal_cortex.o
                0x080052c8                HAL_NVIC_SetPriorityGrouping
 .text.HAL_NVIC_SetPriority
                0x080052de       0x38 ./Drivers/STM32F1xx_HAL_Driver/Src/stm32f1xx_hal_cortex.o
                0x080052de                HAL_NVIC_SetPriority
 .text.HAL_NVIC_EnableIRQ
                0x08005316       0x1c ./Drivers/STM32F1xx_HAL_Driver/Src/stm32f1xx_hal_cortex.o
                0x08005316                HAL_NVIC_EnableIRQ
 .text.HAL_SYSTICK_Config
                0x08005332       0x18 ./Drivers/STM32F1xx_HAL_Driver/Src/stm32f1xx_hal_cortex.o
                0x08005332                HAL_SYSTICK_Config
 *fill*         0x0800534a        0x2 
 .text.HAL_DMA_Abort_IT
                0x0800534c       0xf0 ./Drivers/STM32F1xx_HAL_Driver/Src/stm32f1xx_hal_dma.o
                0x0800534c                HAL_DMA_Abort_IT
 .text.HAL_DMA_GetState
                0x0800543c       0x1a ./Drivers/STM32F1xx_HAL_Driver/Src/stm32f1xx_hal_dma.o
                0x0800543c                HAL_DMA_GetState
 *fill*         0x08005456        0x2 
 .text.HAL_FLASH_Program
                0x08005458       0xe0 ./Drivers/STM32F1xx_HAL_Driver/Src/stm32f1xx_hal_flash.o
                0x08005458                HAL_FLASH_Program
 .text.HAL_FLASH_IRQHandler
                0x08005538      0x1c0 ./Drivers/STM32F1xx_HAL_Driver/Src/stm32f1xx_hal_flash.o
                0x08005538                HAL_FLASH_IRQHandler
 .text.HAL_FLASH_EndOfOperationCallback
                0x080056f8       0x12 ./Drivers/STM32F1xx_HAL_Driver/Src/stm32f1xx_hal_flash.o
                0x080056f8                HAL_FLASH_EndOfOperationCallback
 .text.HAL_FLASH_OperationErrorCallback
                0x0800570a       0x12 ./Drivers/STM32F1xx_HAL_Driver/Src/stm32f1xx_hal_flash.o
                0x0800570a                HAL_FLASH_OperationErrorCallback
 .text.HAL_FLASH_Unlock
                0x0800571c       0x4c ./Drivers/STM32F1xx_HAL_Driver/Src/stm32f1xx_hal_flash.o
                0x0800571c                HAL_FLASH_Unlock
 .text.HAL_FLASH_Lock
                0x08005768       0x20 ./Drivers/STM32F1xx_HAL_Driver/Src/stm32f1xx_hal_flash.o
                0x08005768                HAL_FLASH_Lock
 .text.FLASH_Program_HalfWord
                0x08005788       0x38 ./Drivers/STM32F1xx_HAL_Driver/Src/stm32f1xx_hal_flash.o
 .text.FLASH_WaitForLastOperation
                0x080057c0       0x8c ./Drivers/STM32F1xx_HAL_Driver/Src/stm32f1xx_hal_flash.o
                0x080057c0                FLASH_WaitForLastOperation
 .text.FLASH_SetErrorCode
                0x0800584c       0xa0 ./Drivers/STM32F1xx_HAL_Driver/Src/stm32f1xx_hal_flash.o
 .text.HAL_FLASHEx_Erase
                0x080058ec       0xd8 ./Drivers/STM32F1xx_HAL_Driver/Src/stm32f1xx_hal_flash_ex.o
                0x080058ec                HAL_FLASHEx_Erase
 .text.FLASH_MassErase
                0x080059c4       0x38 ./Drivers/STM32F1xx_HAL_Driver/Src/stm32f1xx_hal_flash_ex.o
 .text.FLASH_PageErase
                0x080059fc       0x40 ./Drivers/STM32F1xx_HAL_Driver/Src/stm32f1xx_hal_flash_ex.o
                0x080059fc                FLASH_PageErase
 .text.HAL_GPIO_Init
                0x08005a3c      0x308 ./Drivers/STM32F1xx_HAL_Driver/Src/stm32f1xx_hal_gpio.o
                0x08005a3c                HAL_GPIO_Init
 .text.HAL_GPIO_ReadPin
                0x08005d44       0x2e ./Drivers/STM32F1xx_HAL_Driver/Src/stm32f1xx_hal_gpio.o
                0x08005d44                HAL_GPIO_ReadPin
 .text.HAL_GPIO_WritePin
                0x08005d72       0x30 ./Drivers/STM32F1xx_HAL_Driver/Src/stm32f1xx_hal_gpio.o
                0x08005d72                HAL_GPIO_WritePin
 .text.HAL_GPIO_TogglePin
                0x08005da2       0x32 ./Drivers/STM32F1xx_HAL_Driver/Src/stm32f1xx_hal_gpio.o
                0x08005da2                HAL_GPIO_TogglePin
 .text.HAL_I2C_Init
                0x08005dd4      0x288 ./Drivers/STM32F1xx_HAL_Driver/Src/stm32f1xx_hal_i2c.o
                0x08005dd4                HAL_I2C_Init
 .text.I2C_Flush_DR
                0x0800605c       0x28 ./Drivers/STM32F1xx_HAL_Driver/Src/stm32f1xx_hal_i2c.o
 .text.HAL_I2C_Master_Transmit
                0x08006084      0x1fc ./Drivers/STM32F1xx_HAL_Driver/Src/stm32f1xx_hal_i2c.o
                0x08006084                HAL_I2C_Master_Transmit
 .text.HAL_I2C_Master_Receive
                0x08006280      0x4d8 ./Drivers/STM32F1xx_HAL_Driver/Src/stm32f1xx_hal_i2c.o
                0x08006280                HAL_I2C_Master_Receive
 .text.HAL_I2C_Mem_Write
                0x08006758      0x1f4 ./Drivers/STM32F1xx_HAL_Driver/Src/stm32f1xx_hal_i2c.o
                0x08006758                HAL_I2C_Mem_Write
 .text.HAL_I2C_EV_IRQHandler
                0x0800694c      0x2e2 ./Drivers/STM32F1xx_HAL_Driver/Src/stm32f1xx_hal_i2c.o
                0x0800694c                HAL_I2C_EV_IRQHandler
 .text.HAL_I2C_ER_IRQHandler
                0x08006c2e      0x15e ./Drivers/STM32F1xx_HAL_Driver/Src/stm32f1xx_hal_i2c.o
                0x08006c2e                HAL_I2C_ER_IRQHandler
 .text.HAL_I2C_MasterTxCpltCallback
                0x08006d8c       0x12 ./Drivers/STM32F1xx_HAL_Driver/Src/stm32f1xx_hal_i2c.o
                0x08006d8c                HAL_I2C_MasterTxCpltCallback
 .text.HAL_I2C_MasterRxCpltCallback
                0x08006d9e       0x12 ./Drivers/STM32F1xx_HAL_Driver/Src/stm32f1xx_hal_i2c.o
                0x08006d9e                HAL_I2C_MasterRxCpltCallback
 .text.HAL_I2C_SlaveTxCpltCallback
                0x08006db0       0x12 ./Drivers/STM32F1xx_HAL_Driver/Src/stm32f1xx_hal_i2c.o
                0x08006db0                HAL_I2C_SlaveTxCpltCallback
 .text.HAL_I2C_SlaveRxCpltCallback
                0x08006dc2       0x12 ./Drivers/STM32F1xx_HAL_Driver/Src/stm32f1xx_hal_i2c.o
                0x08006dc2                HAL_I2C_SlaveRxCpltCallback
 .text.HAL_I2C_AddrCallback
                0x08006dd4       0x1a ./Drivers/STM32F1xx_HAL_Driver/Src/stm32f1xx_hal_i2c.o
                0x08006dd4                HAL_I2C_AddrCallback
 .text.HAL_I2C_ListenCpltCallback
                0x08006dee       0x12 ./Drivers/STM32F1xx_HAL_Driver/Src/stm32f1xx_hal_i2c.o
                0x08006dee                HAL_I2C_ListenCpltCallback
 .text.HAL_I2C_MemTxCpltCallback
                0x08006e00       0x12 ./Drivers/STM32F1xx_HAL_Driver/Src/stm32f1xx_hal_i2c.o
                0x08006e00                HAL_I2C_MemTxCpltCallback
 .text.HAL_I2C_MemRxCpltCallback
                0x08006e12       0x12 ./Drivers/STM32F1xx_HAL_Driver/Src/stm32f1xx_hal_i2c.o
                0x08006e12                HAL_I2C_MemRxCpltCallback
 .text.HAL_I2C_ErrorCallback
                0x08006e24       0x12 ./Drivers/STM32F1xx_HAL_Driver/Src/stm32f1xx_hal_i2c.o
                0x08006e24                HAL_I2C_ErrorCallback
 .text.HAL_I2C_AbortCpltCallback
                0x08006e36       0x12 ./Drivers/STM32F1xx_HAL_Driver/Src/stm32f1xx_hal_i2c.o
                0x08006e36                HAL_I2C_AbortCpltCallback
 .text.I2C_MasterTransmit_TXE
                0x08006e48      0x138 ./Drivers/STM32F1xx_HAL_Driver/Src/stm32f1xx_hal_i2c.o
 .text.I2C_MasterTransmit_BTF
                0x08006f80       0xec ./Drivers/STM32F1xx_HAL_Driver/Src/stm32f1xx_hal_i2c.o
 .text.I2C_MemoryTransmit_TXE_BTF
                0x0800706c      0x130 ./Drivers/STM32F1xx_HAL_Driver/Src/stm32f1xx_hal_i2c.o
 .text.I2C_MasterReceive_RXNE
                0x0800719c      0x190 ./Drivers/STM32F1xx_HAL_Driver/Src/stm32f1xx_hal_i2c.o
 .text.I2C_MasterReceive_BTF
                0x0800732c      0x1e2 ./Drivers/STM32F1xx_HAL_Driver/Src/stm32f1xx_hal_i2c.o
 .text.I2C_Master_SB
                0x0800750e      0x10a ./Drivers/STM32F1xx_HAL_Driver/Src/stm32f1xx_hal_i2c.o
 .text.I2C_Master_ADD10
                0x08007618       0x52 ./Drivers/STM32F1xx_HAL_Driver/Src/stm32f1xx_hal_i2c.o
 .text.I2C_Master_ADDR
                0x0800766a      0x336 ./Drivers/STM32F1xx_HAL_Driver/Src/stm32f1xx_hal_i2c.o
 .text.I2C_SlaveTransmit_TXE
                0x080079a0       0x7a ./Drivers/STM32F1xx_HAL_Driver/Src/stm32f1xx_hal_i2c.o
 .text.I2C_SlaveTransmit_BTF
                0x08007a1a       0x40 ./Drivers/STM32F1xx_HAL_Driver/Src/stm32f1xx_hal_i2c.o
 .text.I2C_SlaveReceive_RXNE
                0x08007a5a       0x7c ./Drivers/STM32F1xx_HAL_Driver/Src/stm32f1xx_hal_i2c.o
 .text.I2C_SlaveReceive_BTF
                0x08007ad6       0x42 ./Drivers/STM32F1xx_HAL_Driver/Src/stm32f1xx_hal_i2c.o
 .text.I2C_Slave_ADDR
                0x08007b18       0x94 ./Drivers/STM32F1xx_HAL_Driver/Src/stm32f1xx_hal_i2c.o
 .text.I2C_Slave_STOPF
                0x08007bac      0x260 ./Drivers/STM32F1xx_HAL_Driver/Src/stm32f1xx_hal_i2c.o
 .text.I2C_Slave_AF
                0x08007e0c       0xe8 ./Drivers/STM32F1xx_HAL_Driver/Src/stm32f1xx_hal_i2c.o
 .text.I2C_ITError
                0x08007ef4      0x264 ./Drivers/STM32F1xx_HAL_Driver/Src/stm32f1xx_hal_i2c.o
 .text.I2C_MasterRequestWrite
                0x08008158      0x104 ./Drivers/STM32F1xx_HAL_Driver/Src/stm32f1xx_hal_i2c.o
 .text.I2C_MasterRequestRead
                0x0800825c      0x19c ./Drivers/STM32F1xx_HAL_Driver/Src/stm32f1xx_hal_i2c.o
 .text.I2C_RequestMemoryWrite
                0x080083f8      0x12c ./Drivers/STM32F1xx_HAL_Driver/Src/stm32f1xx_hal_i2c.o
 .text.I2C_DMAAbort
                0x08008524      0x150 ./Drivers/STM32F1xx_HAL_Driver/Src/stm32f1xx_hal_i2c.o
 .text.I2C_WaitOnFlagUntilTimeout
                0x08008674       0xf4 ./Drivers/STM32F1xx_HAL_Driver/Src/stm32f1xx_hal_i2c.o
 .text.I2C_WaitOnMasterAddressFlagUntilTimeout
                0x08008768      0x140 ./Drivers/STM32F1xx_HAL_Driver/Src/stm32f1xx_hal_i2c.o
 .text.I2C_WaitOnTXEFlagUntilTimeout
                0x080088a8       0x90 ./Drivers/STM32F1xx_HAL_Driver/Src/stm32f1xx_hal_i2c.o
 .text.I2C_WaitOnBTFFlagUntilTimeout
                0x08008938       0x90 ./Drivers/STM32F1xx_HAL_Driver/Src/stm32f1xx_hal_i2c.o
 .text.I2C_WaitOnSTOPRequestThroughIT
                0x080089c8       0x64 ./Drivers/STM32F1xx_HAL_Driver/Src/stm32f1xx_hal_i2c.o
 .text.I2C_WaitOnRXNEFlagUntilTimeout
                0x08008a2c       0xba ./Drivers/STM32F1xx_HAL_Driver/Src/stm32f1xx_hal_i2c.o
 .text.I2C_IsAcknowledgeFailed
                0x08008ae6       0x5c ./Drivers/STM32F1xx_HAL_Driver/Src/stm32f1xx_hal_i2c.o
 .text.I2C_ConvertOtherXferOptions
                0x08008b42       0x34 ./Drivers/STM32F1xx_HAL_Driver/Src/stm32f1xx_hal_i2c.o
 .text.HAL_PCD_Init
                0x08008b76      0x1ec ./Drivers/STM32F1xx_HAL_Driver/Src/stm32f1xx_hal_pcd.o
                0x08008b76                HAL_PCD_Init
 .text.HAL_PCD_Start
                0x08008d62       0x4c ./Drivers/STM32F1xx_HAL_Driver/Src/stm32f1xx_hal_pcd.o
                0x08008d62                HAL_PCD_Start
 .text.HAL_PCD_IRQHandler
                0x08008dae      0x260 ./Drivers/STM32F1xx_HAL_Driver/Src/stm32f1xx_hal_pcd.o
                0x08008dae                HAL_PCD_IRQHandler
 .text.HAL_PCD_SetAddress
                0x0800900e       0x48 ./Drivers/STM32F1xx_HAL_Driver/Src/stm32f1xx_hal_pcd.o
                0x0800900e                HAL_PCD_SetAddress
 .text.HAL_PCD_EP_Open
                0x08009056       0xba ./Drivers/STM32F1xx_HAL_Driver/Src/stm32f1xx_hal_pcd.o
                0x08009056                HAL_PCD_EP_Open
 .text.HAL_PCD_EP_Close
                0x08009110       0x90 ./Drivers/STM32F1xx_HAL_Driver/Src/stm32f1xx_hal_pcd.o
                0x08009110                HAL_PCD_EP_Close
 .text.HAL_PCD_EP_Receive
                0x080091a0       0x62 ./Drivers/STM32F1xx_HAL_Driver/Src/stm32f1xx_hal_pcd.o
                0x080091a0                HAL_PCD_EP_Receive
 .text.HAL_PCD_EP_GetRxCount
                0x08009202       0x2e ./Drivers/STM32F1xx_HAL_Driver/Src/stm32f1xx_hal_pcd.o
                0x08009202                HAL_PCD_EP_GetRxCount
 .text.HAL_PCD_EP_Transmit
                0x08009230       0x6e ./Drivers/STM32F1xx_HAL_Driver/Src/stm32f1xx_hal_pcd.o
                0x08009230                HAL_PCD_EP_Transmit
 .text.HAL_PCD_EP_SetStall
                0x0800929e       0xc0 ./Drivers/STM32F1xx_HAL_Driver/Src/stm32f1xx_hal_pcd.o
                0x0800929e                HAL_PCD_EP_SetStall
 .text.HAL_PCD_EP_ClrStall
                0x0800935e       0xa8 ./Drivers/STM32F1xx_HAL_Driver/Src/stm32f1xx_hal_pcd.o
                0x0800935e                HAL_PCD_EP_ClrStall
 .text.PCD_EP_ISR_Handler
                0x08009406      0x79e ./Drivers/STM32F1xx_HAL_Driver/Src/stm32f1xx_hal_pcd.o
 .text.HAL_PCD_EP_DB_Receive
                0x08009ba4      0x21a ./Drivers/STM32F1xx_HAL_Driver/Src/stm32f1xx_hal_pcd.o
 .text.HAL_PCD_EP_DB_Transmit
                0x08009dbe      0x7f4 ./Drivers/STM32F1xx_HAL_Driver/Src/stm32f1xx_hal_pcd.o
 .text.HAL_PCDEx_PMAConfig
                0x0800a5b2       0x84 ./Drivers/STM32F1xx_HAL_Driver/Src/stm32f1xx_hal_pcd_ex.o
                0x0800a5b2                HAL_PCDEx_PMAConfig
 *fill*         0x0800a636        0x2 
 .text.HAL_PWR_PVD_IRQHandler
                0x0800a638       0x24 ./Drivers/STM32F1xx_HAL_Driver/Src/stm32f1xx_hal_pwr.o
                0x0800a638                HAL_PWR_PVD_IRQHandler
 .text.HAL_PWR_PVDCallback
                0x0800a65c        0xc ./Drivers/STM32F1xx_HAL_Driver/Src/stm32f1xx_hal_pwr.o
                0x0800a65c                HAL_PWR_PVDCallback
 .text.HAL_RCC_OscConfig
                0x0800a668      0x504 ./Drivers/STM32F1xx_HAL_Driver/Src/stm32f1xx_hal_rcc.o
                0x0800a668                HAL_RCC_OscConfig
 .text.HAL_RCC_ClockConfig
                0x0800ab6c      0x1d4 ./Drivers/STM32F1xx_HAL_Driver/Src/stm32f1xx_hal_rcc.o
                0x0800ab6c                HAL_RCC_ClockConfig
 .text.HAL_RCC_GetSysClockFreq
                0x0800ad40       0xa8 ./Drivers/STM32F1xx_HAL_Driver/Src/stm32f1xx_hal_rcc.o
                0x0800ad40                HAL_RCC_GetSysClockFreq
 .text.HAL_RCC_GetHCLKFreq
                0x0800ade8       0x14 ./Drivers/STM32F1xx_HAL_Driver/Src/stm32f1xx_hal_rcc.o
                0x0800ade8                HAL_RCC_GetHCLKFreq
 .text.HAL_RCC_GetPCLK1Freq
                0x0800adfc       0x28 ./Drivers/STM32F1xx_HAL_Driver/Src/stm32f1xx_hal_rcc.o
                0x0800adfc                HAL_RCC_GetPCLK1Freq
 .text.RCC_Delay
                0x0800ae24       0x3c ./Drivers/STM32F1xx_HAL_Driver/Src/stm32f1xx_hal_rcc.o
 .text.HAL_RCCEx_PeriphCLKConfig
                0x0800ae60      0x16c ./Drivers/STM32F1xx_HAL_Driver/Src/stm32f1xx_hal_rcc_ex.o
                0x0800ae60                HAL_RCCEx_PeriphCLKConfig
 .text.HAL_SPI_Init
                0x0800afcc      0x108 ./Drivers/STM32F1xx_HAL_Driver/Src/stm32f1xx_hal_spi.o
                0x0800afcc                HAL_SPI_Init
 .text.HAL_SPI_Transmit
                0x0800b0d4      0x288 ./Drivers/STM32F1xx_HAL_Driver/Src/stm32f1xx_hal_spi.o
                0x0800b0d4                HAL_SPI_Transmit
 .text.HAL_SPI_Receive
                0x0800b35c      0x232 ./Drivers/STM32F1xx_HAL_Driver/Src/stm32f1xx_hal_spi.o
                0x0800b35c                HAL_SPI_Receive
 .text.HAL_SPI_TransmitReceive
                0x0800b58e      0x352 ./Drivers/STM32F1xx_HAL_Driver/Src/stm32f1xx_hal_spi.o
                0x0800b58e                HAL_SPI_TransmitReceive
 .text.HAL_SPI_IRQHandler
                0x0800b8e0      0x1cc ./Drivers/STM32F1xx_HAL_Driver/Src/stm32f1xx_hal_spi.o
                0x0800b8e0                HAL_SPI_IRQHandler
 .text.HAL_SPI_ErrorCallback
                0x0800baac       0x12 ./Drivers/STM32F1xx_HAL_Driver/Src/stm32f1xx_hal_spi.o
                0x0800baac                HAL_SPI_ErrorCallback
 .text.SPI_DMAAbortOnError
                0x0800babe       0x28 ./Drivers/STM32F1xx_HAL_Driver/Src/stm32f1xx_hal_spi.o
 *fill*         0x0800bae6        0x2 
 .text.SPI_WaitFlagStateUntilTimeout
                0x0800bae8      0x110 ./Drivers/STM32F1xx_HAL_Driver/Src/stm32f1xx_hal_spi.o
 .text.SPI_EndRxTransaction
                0x0800bbf8       0xa4 ./Drivers/STM32F1xx_HAL_Driver/Src/stm32f1xx_hal_spi.o
 .text.SPI_EndRxTxTransaction
                0x0800bc9c       0x62 ./Drivers/STM32F1xx_HAL_Driver/Src/stm32f1xx_hal_spi.o
 *fill*         0x0800bcfe        0x2 
 .text.HAL_TIM_Base_Start_IT
                0x0800bd00       0xa4 ./Drivers/STM32F1xx_HAL_Driver/Src/stm32f1xx_hal_tim.o
                0x0800bd00                HAL_TIM_Base_Start_IT
 .text.HAL_TIM_PWM_Init
                0x0800bda4       0x9e ./Drivers/STM32F1xx_HAL_Driver/Src/stm32f1xx_hal_tim.o
                0x0800bda4                HAL_TIM_PWM_Init
 .text.HAL_TIM_Encoder_Init
                0x0800be42      0x144 ./Drivers/STM32F1xx_HAL_Driver/Src/stm32f1xx_hal_tim.o
                0x0800be42                HAL_TIM_Encoder_Init
 .text.HAL_TIM_Encoder_Start
                0x0800bf86      0x11c ./Drivers/STM32F1xx_HAL_Driver/Src/stm32f1xx_hal_tim.o
                0x0800bf86                HAL_TIM_Encoder_Start
 .text.HAL_TIM_IRQHandler
                0x0800c0a2      0x1e0 ./Drivers/STM32F1xx_HAL_Driver/Src/stm32f1xx_hal_tim.o
                0x0800c0a2                HAL_TIM_IRQHandler
 *fill*         0x0800c282        0x2 
 .text.HAL_TIM_PWM_ConfigChannel
                0x0800c284      0x184 ./Drivers/STM32F1xx_HAL_Driver/Src/stm32f1xx_hal_tim.o
                0x0800c284                HAL_TIM_PWM_ConfigChannel
 .text.HAL_TIM_OC_DelayElapsedCallback
                0x0800c408       0x12 ./Drivers/STM32F1xx_HAL_Driver/Src/stm32f1xx_hal_tim.o
                0x0800c408                HAL_TIM_OC_DelayElapsedCallback
 .text.HAL_TIM_IC_CaptureCallback
                0x0800c41a       0x12 ./Drivers/STM32F1xx_HAL_Driver/Src/stm32f1xx_hal_tim.o
                0x0800c41a                HAL_TIM_IC_CaptureCallback
 .text.HAL_TIM_PWM_PulseFinishedCallback
                0x0800c42c       0x12 ./Drivers/STM32F1xx_HAL_Driver/Src/stm32f1xx_hal_tim.o
                0x0800c42c                HAL_TIM_PWM_PulseFinishedCallback
 .text.HAL_TIM_TriggerCallback
                0x0800c43e       0x12 ./Drivers/STM32F1xx_HAL_Driver/Src/stm32f1xx_hal_tim.o
                0x0800c43e                HAL_TIM_TriggerCallback
 .text.TIM_Base_SetConfig
                0x0800c450       0xdc ./Drivers/STM32F1xx_HAL_Driver/Src/stm32f1xx_hal_tim.o
                0x0800c450                TIM_Base_SetConfig
 .text.TIM_OC1_SetConfig
                0x0800c52c       0xcc ./Drivers/STM32F1xx_HAL_Driver/Src/stm32f1xx_hal_tim.o
 .text.TIM_OC2_SetConfig
                0x0800c5f8       0xd4 ./Drivers/STM32F1xx_HAL_Driver/Src/stm32f1xx_hal_tim.o
                0x0800c5f8                TIM_OC2_SetConfig
 .text.TIM_OC3_SetConfig
                0x0800c6cc       0xd4 ./Drivers/STM32F1xx_HAL_Driver/Src/stm32f1xx_hal_tim.o
 .text.TIM_OC4_SetConfig
                0x0800c7a0       0x9c ./Drivers/STM32F1xx_HAL_Driver/Src/stm32f1xx_hal_tim.o
 .text.TIM_CCxChannelCmd
                0x0800c83c       0x48 ./Drivers/STM32F1xx_HAL_Driver/Src/stm32f1xx_hal_tim.o
                0x0800c83c                TIM_CCxChannelCmd
 .text.HAL_TIMEx_MasterConfigSynchronization
                0x0800c884       0xbc ./Drivers/STM32F1xx_HAL_Driver/Src/stm32f1xx_hal_tim_ex.o
                0x0800c884                HAL_TIMEx_MasterConfigSynchronization
 .text.HAL_TIMEx_CommutCallback
                0x0800c940       0x12 ./Drivers/STM32F1xx_HAL_Driver/Src/stm32f1xx_hal_tim_ex.o
                0x0800c940                HAL_TIMEx_CommutCallback
 .text.HAL_TIMEx_BreakCallback
                0x0800c952       0x12 ./Drivers/STM32F1xx_HAL_Driver/Src/stm32f1xx_hal_tim_ex.o
                0x0800c952                HAL_TIMEx_BreakCallback
 .text.USB_CoreInit
                0x0800c964       0x1a ./Drivers/STM32F1xx_HAL_Driver/Src/stm32f1xx_ll_usb.o
                0x0800c964                USB_CoreInit
 .text.USB_EnableGlobalInt
                0x0800c97e       0x2c ./Drivers/STM32F1xx_HAL_Driver/Src/stm32f1xx_ll_usb.o
                0x0800c97e                USB_EnableGlobalInt
 .text.USB_DisableGlobalInt
                0x0800c9aa       0x34 ./Drivers/STM32F1xx_HAL_Driver/Src/stm32f1xx_ll_usb.o
                0x0800c9aa                USB_DisableGlobalInt
 .text.USB_SetCurrentMode
                0x0800c9de       0x18 ./Drivers/STM32F1xx_HAL_Driver/Src/stm32f1xx_ll_usb.o
                0x0800c9de                USB_SetCurrentMode
 .text.USB_DevInit
                0x0800c9f6       0x3a ./Drivers/STM32F1xx_HAL_Driver/Src/stm32f1xx_ll_usb.o
                0x0800c9f6                USB_DevInit
 .text.USB_ActivateEndpoint
                0x0800ca30      0x780 ./Drivers/STM32F1xx_HAL_Driver/Src/stm32f1xx_ll_usb.o
                0x0800ca30                USB_ActivateEndpoint
 .text.USB_DeactivateEndpoint
                0x0800d1b0      0x3d8 ./Drivers/STM32F1xx_HAL_Driver/Src/stm32f1xx_ll_usb.o
                0x0800d1b0                USB_DeactivateEndpoint
 .text.USB_EPStartXfer
                0x0800d588     0x1762 ./Drivers/STM32F1xx_HAL_Driver/Src/stm32f1xx_ll_usb.o
                0x0800d588                USB_EPStartXfer
 .text.USB_EPSetStall
                0x0800ecea       0xa0 ./Drivers/STM32F1xx_HAL_Driver/Src/stm32f1xx_ll_usb.o
                0x0800ecea                USB_EPSetStall
 .text.USB_EPClearStall
                0x0800ed8a      0x15a ./Drivers/STM32F1xx_HAL_Driver/Src/stm32f1xx_ll_usb.o
                0x0800ed8a                USB_EPClearStall
 .text.USB_SetDevAddress
                0x0800eee4       0x26 ./Drivers/STM32F1xx_HAL_Driver/Src/stm32f1xx_ll_usb.o
                0x0800eee4                USB_SetDevAddress
 .text.USB_DevConnect
                0x0800ef0a       0x14 ./Drivers/STM32F1xx_HAL_Driver/Src/stm32f1xx_ll_usb.o
                0x0800ef0a                USB_DevConnect
 .text.USB_DevDisconnect
                0x0800ef1e       0x14 ./Drivers/STM32F1xx_HAL_Driver/Src/stm32f1xx_ll_usb.o
                0x0800ef1e                USB_DevDisconnect
 .text.USB_ReadInterrupts
                0x0800ef32       0x1e ./Drivers/STM32F1xx_HAL_Driver/Src/stm32f1xx_ll_usb.o
                0x0800ef32                USB_ReadInterrupts
 .text.USB_EP0_OutStart
                0x0800ef50       0x16 ./Drivers/STM32F1xx_HAL_Driver/Src/stm32f1xx_ll_usb.o
                0x0800ef50                USB_EP0_OutStart
 .text.USB_WritePMA
                0x0800ef66       0x8c ./Drivers/STM32F1xx_HAL_Driver/Src/stm32f1xx_ll_usb.o
                0x0800ef66                USB_WritePMA
 .text.USB_ReadPMA
                0x0800eff2       0x9e ./Drivers/STM32F1xx_HAL_Driver/Src/stm32f1xx_ll_usb.o
                0x0800eff2                USB_ReadPMA
 .text.WIZCHIP_READ
                0x0800f090       0x98 ./Drivers/ioLibrary_Driver-master/Ethernet/W5500/w5500.o
                0x0800f090                WIZCHIP_READ
 .text.WIZCHIP_WRITE
                0x0800f128       0x9c ./Drivers/ioLibrary_Driver-master/Ethernet/W5500/w5500.o
                0x0800f128                WIZCHIP_WRITE
 .text.WIZCHIP_READ_BUF
                0x0800f1c4       0xc0 ./Drivers/ioLibrary_Driver-master/Ethernet/W5500/w5500.o
                0x0800f1c4                WIZCHIP_READ_BUF
 .text.WIZCHIP_WRITE_BUF
                0x0800f284       0xc0 ./Drivers/ioLibrary_Driver-master/Ethernet/W5500/w5500.o
                0x0800f284                WIZCHIP_WRITE_BUF
 .text.getSn_TX_FSR
                0x0800f344       0x92 ./Drivers/ioLibrary_Driver-master/Ethernet/W5500/w5500.o
                0x0800f344                getSn_TX_FSR
 .text.getSn_RX_RSR
                0x0800f3d6       0x92 ./Drivers/ioLibrary_Driver-master/Ethernet/W5500/w5500.o
                0x0800f3d6                getSn_RX_RSR
 .text.wiz_send_data
                0x0800f468       0xb4 ./Drivers/ioLibrary_Driver-master/Ethernet/W5500/w5500.o
                0x0800f468                wiz_send_data
 .text.wiz_recv_data
                0x0800f51c       0xb4 ./Drivers/ioLibrary_Driver-master/Ethernet/W5500/w5500.o
                0x0800f51c                wiz_recv_data
 .text.wiz_recv_ignore
                0x0800f5d0       0x8c ./Drivers/ioLibrary_Driver-master/Ethernet/W5500/w5500.o
                0x0800f5d0                wiz_recv_ignore
 .text.socket   0x0800f65c      0x268 ./Drivers/ioLibrary_Driver-master/Ethernet/socket.o
                0x0800f65c                socket
 .text.close    0x0800f8c4       0xdc ./Drivers/ioLibrary_Driver-master/Ethernet/socket.o
                0x0800f8c4                close
 .text.listen   0x0800f9a0       0xb2 ./Drivers/ioLibrary_Driver-master/Ethernet/socket.o
                0x0800f9a0                listen
 *fill*         0x0800fa52        0x2 
 .text.disconnect
                0x0800fa54      0x104 ./Drivers/ioLibrary_Driver-master/Ethernet/socket.o
                0x0800fa54                disconnect
 .text.send     0x0800fb58      0x2a8 ./Drivers/ioLibrary_Driver-master/Ethernet/socket.o
                0x0800fb58                send
 .text.recv     0x0800fe00      0x164 ./Drivers/ioLibrary_Driver-master/Ethernet/socket.o
                0x0800fe00                recv
 .text.sendto_W5x00
                0x0800ff64       0x30 ./Drivers/ioLibrary_Driver-master/Ethernet/socket.o
                0x0800ff64                sendto_W5x00
 .text.sendto_IO_6
                0x0800ff94      0x328 ./Drivers/ioLibrary_Driver-master/Ethernet/socket.o
 .text.recvfrom_W5x00
                0x080102bc       0x3a ./Drivers/ioLibrary_Driver-master/Ethernet/socket.o
                0x080102bc                recvfrom_W5x00
 *fill*         0x080102f6        0x2 
 .text.recvfrom_IO_6
                0x080102f8      0x420 ./Drivers/ioLibrary_Driver-master/Ethernet/socket.o
 .text.wizchip_cris_enter
                0x08010718        0xc ./Drivers/ioLibrary_Driver-master/Ethernet/wizchip_conf.o
                0x08010718                wizchip_cris_enter
 .text.wizchip_cris_exit
                0x08010724        0xc ./Drivers/ioLibrary_Driver-master/Ethernet/wizchip_conf.o
                0x08010724                wizchip_cris_exit
 .text.wizchip_cs_select
                0x08010730        0xc ./Drivers/ioLibrary_Driver-master/Ethernet/wizchip_conf.o
                0x08010730                wizchip_cs_select
 .text.wizchip_cs_deselect
                0x0801073c        0xc ./Drivers/ioLibrary_Driver-master/Ethernet/wizchip_conf.o
                0x0801073c                wizchip_cs_deselect
 .text.wizchip_bus_readdata
                0x08010748       0x18 ./Drivers/ioLibrary_Driver-master/Ethernet/wizchip_conf.o
                0x08010748                wizchip_bus_readdata
 .text.wizchip_bus_writedata
                0x08010760       0x1c ./Drivers/ioLibrary_Driver-master/Ethernet/wizchip_conf.o
                0x08010760                wizchip_bus_writedata
 .text.wizchip_spi_readbyte
                0x0801077c        0xe ./Drivers/ioLibrary_Driver-master/Ethernet/wizchip_conf.o
                0x0801077c                wizchip_spi_readbyte
 .text.wizchip_spi_writebyte
                0x0801078a       0x14 ./Drivers/ioLibrary_Driver-master/Ethernet/wizchip_conf.o
                0x0801078a                wizchip_spi_writebyte
 *fill*         0x0801079e        0x2 
 .text.wizchip_spi_readburst
                0x080107a0       0x40 ./Drivers/ioLibrary_Driver-master/Ethernet/wizchip_conf.o
                0x080107a0                wizchip_spi_readburst
 .text.wizchip_spi_writeburst
                0x080107e0       0x40 ./Drivers/ioLibrary_Driver-master/Ethernet/wizchip_conf.o
                0x080107e0                wizchip_spi_writeburst
 .text.reg_wizchip_cs_cbfunc
                0x08010820       0x48 ./Drivers/ioLibrary_Driver-master/Ethernet/wizchip_conf.o
                0x08010820                reg_wizchip_cs_cbfunc
 .text.reg_wizchip_spi_cbfunc
                0x08010868       0x58 ./Drivers/ioLibrary_Driver-master/Ethernet/wizchip_conf.o
                0x08010868                reg_wizchip_spi_cbfunc
 .text.reg_wizchip_spiburst_cbfunc
                0x080108c0       0x58 ./Drivers/ioLibrary_Driver-master/Ethernet/wizchip_conf.o
                0x080108c0                reg_wizchip_spiburst_cbfunc
 .text.wizchip_sw_reset
                0x08010918       0x98 ./Drivers/ioLibrary_Driver-master/Ethernet/wizchip_conf.o
                0x08010918                wizchip_sw_reset
 .text.wizchip_init
                0x080109b0      0x118 ./Drivers/ioLibrary_Driver-master/Ethernet/wizchip_conf.o
                0x080109b0                wizchip_init
 .text.wizchip_setnetinfo
                0x08010ac8       0x80 ./Drivers/ioLibrary_Driver-master/Ethernet/wizchip_conf.o
                0x08010ac8                wizchip_setnetinfo
 .text.default_ip_assign
                0x08010b48       0x38 ./Drivers/ioLibrary_Driver-master/Internet/DHCP/dhcp.o
                0x08010b48                default_ip_assign
 .text.default_ip_update
                0x08010b80       0x2c ./Drivers/ioLibrary_Driver-master/Internet/DHCP/dhcp.o
                0x08010b80                default_ip_update
 .text.default_ip_conflict
                0x08010bac       0x28 ./Drivers/ioLibrary_Driver-master/Internet/DHCP/dhcp.o
                0x08010bac                default_ip_conflict
 .text.reg_dhcp_cbfunc
                0x08010bd4       0x64 ./Drivers/ioLibrary_Driver-master/Internet/DHCP/dhcp.o
                0x08010bd4                reg_dhcp_cbfunc
 .text.makeDHCPMSG
                0x08010c38      0x1ec ./Drivers/ioLibrary_Driver-master/Internet/DHCP/dhcp.o
                0x08010c38                makeDHCPMSG
 .text.send_DHCP_DISCOVER
                0x08010e24      0x38c ./Drivers/ioLibrary_Driver-master/Internet/DHCP/dhcp.o
                0x08010e24                send_DHCP_DISCOVER
 .text.send_DHCP_REQUEST
                0x080111b0      0x514 ./Drivers/ioLibrary_Driver-master/Internet/DHCP/dhcp.o
                0x080111b0                send_DHCP_REQUEST
 .text.send_DHCP_DECLINE
                0x080116c4      0x2a4 ./Drivers/ioLibrary_Driver-master/Internet/DHCP/dhcp.o
                0x080116c4                send_DHCP_DECLINE
 .text.parseDHCPMSG
                0x08011968      0x43c ./Drivers/ioLibrary_Driver-master/Internet/DHCP/dhcp.o
                0x08011968                parseDHCPMSG
 .text.DHCP_run
                0x08011da4      0x234 ./Drivers/ioLibrary_Driver-master/Internet/DHCP/dhcp.o
                0x08011da4                DHCP_run
 .text.check_DHCP_timeout
                0x08011fd8       0xc0 ./Drivers/ioLibrary_Driver-master/Internet/DHCP/dhcp.o
                0x08011fd8                check_DHCP_timeout
 .text.check_DHCP_leasedIP
                0x08012098       0x7c ./Drivers/ioLibrary_Driver-master/Internet/DHCP/dhcp.o
                0x08012098                check_DHCP_leasedIP
 .text.DHCP_init
                0x08012114      0x128 ./Drivers/ioLibrary_Driver-master/Internet/DHCP/dhcp.o
                0x08012114                DHCP_init
 .text.reset_DHCP_timeout
                0x0801223c       0x2c ./Drivers/ioLibrary_Driver-master/Internet/DHCP/dhcp.o
                0x0801223c                reset_DHCP_timeout
 .text.getIPfromDHCP
                0x08012268       0x3c ./Drivers/ioLibrary_Driver-master/Internet/DHCP/dhcp.o
                0x08012268                getIPfromDHCP
 .text.getGWfromDHCP
                0x080122a4       0x3c ./Drivers/ioLibrary_Driver-master/Internet/DHCP/dhcp.o
                0x080122a4                getGWfromDHCP
 .text.getSNfromDHCP
                0x080122e0       0x3c ./Drivers/ioLibrary_Driver-master/Internet/DHCP/dhcp.o
                0x080122e0                getSNfromDHCP
 .text.NibbleToHex
                0x0801231c       0x30 ./Drivers/ioLibrary_Driver-master/Internet/DHCP/dhcp.o
                0x0801231c                NibbleToHex
 .text.USBD_CDC_Init
                0x0801234c       0xf4 ./Middlewares/ST/STM32_USB_Device_Library/Class/CDC/Src/usbd_cdc.o
 .text.USBD_CDC_DeInit
                0x08012440       0x6e ./Middlewares/ST/STM32_USB_Device_Library/Class/CDC/Src/usbd_cdc.o
 .text.USBD_CDC_Setup
                0x080124ae      0x146 ./Middlewares/ST/STM32_USB_Device_Library/Class/CDC/Src/usbd_cdc.o
 .text.USBD_CDC_DataIn
                0x080125f4       0xa6 ./Middlewares/ST/STM32_USB_Device_Library/Class/CDC/Src/usbd_cdc.o
 .text.USBD_CDC_DataOut
                0x0801269a       0x56 ./Middlewares/ST/STM32_USB_Device_Library/Class/CDC/Src/usbd_cdc.o
 .text.USBD_CDC_EP0_RxReady
                0x080126f0       0x4e ./Middlewares/ST/STM32_USB_Device_Library/Class/CDC/Src/usbd_cdc.o
 *fill*         0x0801273e        0x2 
 .text.USBD_CDC_GetFSCfgDesc
                0x08012740       0x20 ./Middlewares/ST/STM32_USB_Device_Library/Class/CDC/Src/usbd_cdc.o
 .text.USBD_CDC_GetHSCfgDesc
                0x08012760       0x20 ./Middlewares/ST/STM32_USB_Device_Library/Class/CDC/Src/usbd_cdc.o
 .text.USBD_CDC_GetOtherSpeedCfgDesc
                0x08012780       0x20 ./Middlewares/ST/STM32_USB_Device_Library/Class/CDC/Src/usbd_cdc.o
 .text.USBD_CDC_GetDeviceQualifierDescriptor
                0x080127a0       0x20 ./Middlewares/ST/STM32_USB_Device_Library/Class/CDC/Src/usbd_cdc.o
                0x080127a0                USBD_CDC_GetDeviceQualifierDescriptor
 .text.USBD_CDC_RegisterInterface
                0x080127c0       0x2c ./Middlewares/ST/STM32_USB_Device_Library/Class/CDC/Src/usbd_cdc.o
                0x080127c0                USBD_CDC_RegisterInterface
 .text.USBD_CDC_SetTxBuffer
                0x080127ec       0x32 ./Middlewares/ST/STM32_USB_Device_Library/Class/CDC/Src/usbd_cdc.o
                0x080127ec                USBD_CDC_SetTxBuffer
 .text.USBD_CDC_SetRxBuffer
                0x0801281e       0x26 ./Middlewares/ST/STM32_USB_Device_Library/Class/CDC/Src/usbd_cdc.o
                0x0801281e                USBD_CDC_SetRxBuffer
 .text.USBD_CDC_TransmitPacket
                0x08012844       0x5e ./Middlewares/ST/STM32_USB_Device_Library/Class/CDC/Src/usbd_cdc.o
                0x08012844                USBD_CDC_TransmitPacket
 .text.USBD_CDC_ReceivePacket
                0x080128a2       0x54 ./Middlewares/ST/STM32_USB_Device_Library/Class/CDC/Src/usbd_cdc.o
                0x080128a2                USBD_CDC_ReceivePacket
 .text.USBD_Init
                0x080128f6       0x56 ./Middlewares/ST/STM32_USB_Device_Library/Core/Src/usbd_core.o
                0x080128f6                USBD_Init
 .text.USBD_RegisterClass
                0x0801294c       0x32 ./Middlewares/ST/STM32_USB_Device_Library/Core/Src/usbd_core.o
                0x0801294c                USBD_RegisterClass
 .text.USBD_Start
                0x0801297e       0x18 ./Middlewares/ST/STM32_USB_Device_Library/Core/Src/usbd_core.o
                0x0801297e                USBD_Start
 .text.USBD_RunTestMode
                0x08012996       0x14 ./Middlewares/ST/STM32_USB_Device_Library/Core/Src/usbd_core.o
                0x08012996                USBD_RunTestMode
 .text.USBD_SetClassConfig
                0x080129aa       0x3e ./Middlewares/ST/STM32_USB_Device_Library/Core/Src/usbd_core.o
                0x080129aa                USBD_SetClassConfig
 .text.USBD_ClrClassConfig
                0x080129e8       0x26 ./Middlewares/ST/STM32_USB_Device_Library/Core/Src/usbd_core.o
                0x080129e8                USBD_ClrClassConfig
 .text.USBD_LL_SetupStage
                0x08012a0e       0x9a ./Middlewares/ST/STM32_USB_Device_Library/Core/Src/usbd_core.o
                0x08012a0e                USBD_LL_SetupStage
 .text.USBD_LL_DataOutStage
                0x08012aa8       0xe2 ./Middlewares/ST/STM32_USB_Device_Library/Core/Src/usbd_core.o
                0x08012aa8                USBD_LL_DataOutStage
 .text.USBD_LL_DataInStage
                0x08012b8a      0x14a ./Middlewares/ST/STM32_USB_Device_Library/Core/Src/usbd_core.o
                0x08012b8a                USBD_LL_DataInStage
 .text.USBD_LL_Reset
                0x08012cd4       0x82 ./Middlewares/ST/STM32_USB_Device_Library/Core/Src/usbd_core.o
                0x08012cd4                USBD_LL_Reset
 .text.USBD_LL_SetSpeed
                0x08012d56       0x1e ./Middlewares/ST/STM32_USB_Device_Library/Core/Src/usbd_core.o
                0x08012d56                USBD_LL_SetSpeed
 .text.USBD_LL_Suspend
                0x08012d74       0x28 ./Middlewares/ST/STM32_USB_Device_Library/Core/Src/usbd_core.o
                0x08012d74                USBD_LL_Suspend
 .text.USBD_LL_Resume
                0x08012d9c       0x2a ./Middlewares/ST/STM32_USB_Device_Library/Core/Src/usbd_core.o
                0x08012d9c                USBD_LL_Resume
 .text.USBD_LL_SOF
                0x08012dc6       0x34 ./Middlewares/ST/STM32_USB_Device_Library/Core/Src/usbd_core.o
                0x08012dc6                USBD_LL_SOF
 *fill*         0x08012dfa        0x2 
 .text.USBD_StdDevReq
                0x08012dfc       0xd4 ./Middlewares/ST/STM32_USB_Device_Library/Core/Src/usbd_ctlreq.o
                0x08012dfc                USBD_StdDevReq
 .text.USBD_StdItfReq
                0x08012ed0       0x90 ./Middlewares/ST/STM32_USB_Device_Library/Core/Src/usbd_ctlreq.o
                0x08012ed0                USBD_StdItfReq
 .text.USBD_StdEPReq
                0x08012f60      0x2c6 ./Middlewares/ST/STM32_USB_Device_Library/Core/Src/usbd_ctlreq.o
                0x08012f60                USBD_StdEPReq
 *fill*         0x08013226        0x2 
 .text.USBD_GetDescriptor
                0x08013228      0x2d0 ./Middlewares/ST/STM32_USB_Device_Library/Core/Src/usbd_ctlreq.o
 .text.USBD_SetAddress
                0x080134f8       0x86 ./Middlewares/ST/STM32_USB_Device_Library/Core/Src/usbd_ctlreq.o
 *fill*         0x0801357e        0x2 
 .text.USBD_SetConfig
                0x08013580      0x11c ./Middlewares/ST/STM32_USB_Device_Library/Core/Src/usbd_ctlreq.o
 .text.USBD_GetConfig
                0x0801369c       0x6a ./Middlewares/ST/STM32_USB_Device_Library/Core/Src/usbd_ctlreq.o
 .text.USBD_GetStatus
                0x08013706       0x66 ./Middlewares/ST/STM32_USB_Device_Library/Core/Src/usbd_ctlreq.o
 .text.USBD_SetFeature
                0x0801376c       0x28 ./Middlewares/ST/STM32_USB_Device_Library/Core/Src/usbd_ctlreq.o
 .text.USBD_ClrFeature
                0x08013794       0x42 ./Middlewares/ST/STM32_USB_Device_Library/Core/Src/usbd_ctlreq.o
 .text.USBD_ParseSetupRequest
                0x080137d6       0x72 ./Middlewares/ST/STM32_USB_Device_Library/Core/Src/usbd_ctlreq.o
                0x080137d6                USBD_ParseSetupRequest
 .text.USBD_CtlError
                0x08013848       0x22 ./Middlewares/ST/STM32_USB_Device_Library/Core/Src/usbd_ctlreq.o
                0x08013848                USBD_CtlError
 .text.USBD_GetString
                0x0801386a       0x84 ./Middlewares/ST/STM32_USB_Device_Library/Core/Src/usbd_ctlreq.o
                0x0801386a                USBD_GetString
 .text.USBD_GetLen
                0x080138ee       0x2e ./Middlewares/ST/STM32_USB_Device_Library/Core/Src/usbd_ctlreq.o
 .text.USBD_CtlSendData
                0x0801391c       0x38 ./Middlewares/ST/STM32_USB_Device_Library/Core/Src/usbd_ioreq.o
                0x0801391c                USBD_CtlSendData
 .text.USBD_CtlContinueSendData
                0x08013954       0x24 ./Middlewares/ST/STM32_USB_Device_Library/Core/Src/usbd_ioreq.o
                0x08013954                USBD_CtlContinueSendData
 .text.USBD_CtlPrepareRx
                0x08013978       0x3c ./Middlewares/ST/STM32_USB_Device_Library/Core/Src/usbd_ioreq.o
                0x08013978                USBD_CtlPrepareRx
 .text.USBD_CtlContinueRx
                0x080139b4       0x24 ./Middlewares/ST/STM32_USB_Device_Library/Core/Src/usbd_ioreq.o
                0x080139b4                USBD_CtlContinueRx
 .text.USBD_CtlSendStatus
                0x080139d8       0x26 ./Middlewares/ST/STM32_USB_Device_Library/Core/Src/usbd_ioreq.o
                0x080139d8                USBD_CtlSendStatus
 .text.USBD_CtlReceiveStatus
                0x080139fe       0x26 ./Middlewares/ST/STM32_USB_Device_Library/Core/Src/usbd_ioreq.o
                0x080139fe                USBD_CtlReceiveStatus
 .text.MX_USB_DEVICE_Init
                0x08013a24       0x60 ./USB_DEVICE/App/usb_device.o
                0x08013a24                MX_USB_DEVICE_Init
 .text.CDC_Init_FS
                0x08013a84       0x28 ./USB_DEVICE/App/usbd_cdc_if.o
 .text.CDC_DeInit_FS
                0x08013aac        0xe ./USB_DEVICE/App/usbd_cdc_if.o
 *fill*         0x08013aba        0x2 
 .text.CDC_Control_FS
                0x08013abc       0xbc ./USB_DEVICE/App/usbd_cdc_if.o
 .text.CDC_Receive_FS
                0x08013b78      0x28c ./USB_DEVICE/App/usbd_cdc_if.o
 .text.CDC_Transmit_FS
                0x08013e04       0x4c ./USB_DEVICE/App/usbd_cdc_if.o
                0x08013e04                CDC_Transmit_FS
 .text.USBD_FS_DeviceDescriptor
                0x08013e50       0x24 ./USB_DEVICE/App/usbd_desc.o
                0x08013e50                USBD_FS_DeviceDescriptor
 .text.USBD_FS_LangIDStrDescriptor
                0x08013e74       0x24 ./USB_DEVICE/App/usbd_desc.o
                0x08013e74                USBD_FS_LangIDStrDescriptor
 .text.USBD_FS_ProductStrDescriptor
                0x08013e98       0x3c ./USB_DEVICE/App/usbd_desc.o
                0x08013e98                USBD_FS_ProductStrDescriptor
 .text.USBD_FS_ManufacturerStrDescriptor
                0x08013ed4       0x28 ./USB_DEVICE/App/usbd_desc.o
                0x08013ed4                USBD_FS_ManufacturerStrDescriptor
 .text.USBD_FS_SerialStrDescriptor
                0x08013efc       0x24 ./USB_DEVICE/App/usbd_desc.o
                0x08013efc                USBD_FS_SerialStrDescriptor
 .text.USBD_FS_ConfigStrDescriptor
                0x08013f20       0x3c ./USB_DEVICE/App/usbd_desc.o
                0x08013f20                USBD_FS_ConfigStrDescriptor
 .text.USBD_FS_InterfaceStrDescriptor
                0x08013f5c       0x3c ./USB_DEVICE/App/usbd_desc.o
                0x08013f5c                USBD_FS_InterfaceStrDescriptor
 .text.Get_SerialNum
                0x08013f98       0x58 ./USB_DEVICE/App/usbd_desc.o
 .text.IntToUnicode
                0x08013ff0       0x7c ./USB_DEVICE/App/usbd_desc.o
 .text.HAL_PCD_MspInit
                0x0801406c       0x5c ./USB_DEVICE/Target/usbd_conf.o
                0x0801406c                HAL_PCD_MspInit
 .text.HAL_PCD_SetupStageCallback
                0x080140c8       0x24 ./USB_DEVICE/Target/usbd_conf.o
                0x080140c8                HAL_PCD_SetupStageCallback
 .text.HAL_PCD_DataOutStageCallback
                0x080140ec       0x36 ./USB_DEVICE/Target/usbd_conf.o
                0x080140ec                HAL_PCD_DataOutStageCallback
 .text.HAL_PCD_DataInStageCallback
                0x08014122       0x34 ./USB_DEVICE/Target/usbd_conf.o
                0x08014122                HAL_PCD_DataInStageCallback
 .text.HAL_PCD_SOFCallback
                0x08014156       0x1c ./USB_DEVICE/Target/usbd_conf.o
                0x08014156                HAL_PCD_SOFCallback
 .text.HAL_PCD_ResetCallback
                0x08014172       0x3c ./USB_DEVICE/Target/usbd_conf.o
                0x08014172                HAL_PCD_ResetCallback
 *fill*         0x080141ae        0x2 
 .text.HAL_PCD_SuspendCallback
                0x080141b0       0x34 ./USB_DEVICE/Target/usbd_conf.o
                0x080141b0                HAL_PCD_SuspendCallback
 .text.HAL_PCD_ResumeCallback
                0x080141e4       0x1c ./USB_DEVICE/Target/usbd_conf.o
                0x080141e4                HAL_PCD_ResumeCallback
 .text.USBD_LL_Init
                0x08014200       0xb4 ./USB_DEVICE/Target/usbd_conf.o
                0x08014200                USBD_LL_Init
 .text.USBD_LL_Start
                0x080142b4       0x36 ./USB_DEVICE/Target/usbd_conf.o
                0x080142b4                USBD_LL_Start
 .text.USBD_LL_OpenEP
                0x080142ea       0x4c ./USB_DEVICE/Target/usbd_conf.o
                0x080142ea                USBD_LL_OpenEP
 .text.USBD_LL_CloseEP
                0x08014336       0x3e ./USB_DEVICE/Target/usbd_conf.o
                0x08014336                USBD_LL_CloseEP
 .text.USBD_LL_StallEP
                0x08014374       0x3e ./USB_DEVICE/Target/usbd_conf.o
                0x08014374                USBD_LL_StallEP
 .text.USBD_LL_ClearStallEP
                0x080143b2       0x3e ./USB_DEVICE/Target/usbd_conf.o
                0x080143b2                USBD_LL_ClearStallEP
 .text.USBD_LL_IsStallEP
                0x080143f0       0x56 ./USB_DEVICE/Target/usbd_conf.o
                0x080143f0                USBD_LL_IsStallEP
 .text.USBD_LL_SetUSBAddress
                0x08014446       0x3e ./USB_DEVICE/Target/usbd_conf.o
                0x08014446                USBD_LL_SetUSBAddress
 .text.USBD_LL_Transmit
                0x08014484       0x46 ./USB_DEVICE/Target/usbd_conf.o
                0x08014484                USBD_LL_Transmit
 .text.USBD_LL_PrepareReceive
                0x080144ca       0x46 ./USB_DEVICE/Target/usbd_conf.o
                0x080144ca                USBD_LL_PrepareReceive
 .text.USBD_LL_GetRxDataSize
                0x08014510       0x26 ./USB_DEVICE/Target/usbd_conf.o
                0x08014510                USBD_LL_GetRxDataSize
 *fill*         0x08014536        0x2 
 .text.USBD_static_malloc
                0x08014538       0x18 ./USB_DEVICE/Target/usbd_conf.o
                0x08014538                USBD_static_malloc
 .text.USBD_static_free
                0x08014550       0x12 ./USB_DEVICE/Target/usbd_conf.o
                0x08014550                USBD_static_free
 .text.HAL_PCDEx_SetConnectionState
                0x08014562       0x16 ./USB_DEVICE/Target/usbd_conf.o
                0x08014562                HAL_PCDEx_SetConnectionState
 .text.USBD_Get_USB_Status
                0x08014578       0x58 ./USB_DEVICE/Target/usbd_conf.o
 .text.atoi     0x080145d0        0x8 C:/ST/STM32CubeIDE_1.18.0/STM32CubeIDE/plugins/com.st.stm32cube.ide.mcu.externaltools.gnu-tools-for-stm32.13.3.rel1.win32_1.0.0.202411081344/tools/bin/../lib/gcc/arm-none-eabi/13.3.1/../../../../arm-none-eabi/lib/thumb/v7-m/nofp\libc_nano.a(libc_a-atoi.o)
                0x080145d0                atoi
 .text.sbrk_aligned
                0x080145d8       0x44 C:/ST/STM32CubeIDE_1.18.0/STM32CubeIDE/plugins/com.st.stm32cube.ide.mcu.externaltools.gnu-tools-for-stm32.13.3.rel1.win32_1.0.0.202411081344/tools/bin/../lib/gcc/arm-none-eabi/13.3.1/../../../../arm-none-eabi/lib/thumb/v7-m/nofp\libc_nano.a(libc_a-mallocr.o)
 .text._malloc_r
                0x0801461c      0x100 C:/ST/STM32CubeIDE_1.18.0/STM32CubeIDE/plugins/com.st.stm32cube.ide.mcu.externaltools.gnu-tools-for-stm32.13.3.rel1.win32_1.0.0.202411081344/tools/bin/../lib/gcc/arm-none-eabi/13.3.1/../../../../arm-none-eabi/lib/thumb/v7-m/nofp\libc_nano.a(libc_a-mallocr.o)
                0x0801461c                _malloc_r
 .text.__malloc_lock
                0x0801471c        0xc C:/ST/STM32CubeIDE_1.18.0/STM32CubeIDE/plugins/com.st.stm32cube.ide.mcu.externaltools.gnu-tools-for-stm32.13.3.rel1.win32_1.0.0.202411081344/tools/bin/../lib/gcc/arm-none-eabi/13.3.1/../../../../arm-none-eabi/lib/thumb/v7-m/nofp\libc_nano.a(libc_a-mlock.o)
                0x0801471c                __malloc_lock
 .text.__malloc_unlock
                0x08014728        0xc C:/ST/STM32CubeIDE_1.18.0/STM32CubeIDE/plugins/com.st.stm32cube.ide.mcu.externaltools.gnu-tools-for-stm32.13.3.rel1.win32_1.0.0.202411081344/tools/bin/../lib/gcc/arm-none-eabi/13.3.1/../../../../arm-none-eabi/lib/thumb/v7-m/nofp\libc_nano.a(libc_a-mlock.o)
                0x08014728                __malloc_unlock
 .text._strtol_l.isra.0
                0x08014734       0xf4 C:/ST/STM32CubeIDE_1.18.0/STM32CubeIDE/plugins/com.st.stm32cube.ide.mcu.externaltools.gnu-tools-for-stm32.13.3.rel1.win32_1.0.0.202411081344/tools/bin/../lib/gcc/arm-none-eabi/13.3.1/../../../../arm-none-eabi/lib/thumb/v7-m/nofp\libc_nano.a(libc_a-strtol.o)
 .text.strtol   0x08014828       0x14 C:/ST/STM32CubeIDE_1.18.0/STM32CubeIDE/plugins/com.st.stm32cube.ide.mcu.externaltools.gnu-tools-for-stm32.13.3.rel1.win32_1.0.0.202411081344/tools/bin/../lib/gcc/arm-none-eabi/13.3.1/../../../../arm-none-eabi/lib/thumb/v7-m/nofp\libc_nano.a(libc_a-strtol.o)
                0x08014828                strtol
 .text.snprintf
                0x0801483c       0x6c C:/ST/STM32CubeIDE_1.18.0/STM32CubeIDE/plugins/com.st.stm32cube.ide.mcu.externaltools.gnu-tools-for-stm32.13.3.rel1.win32_1.0.0.202411081344/tools/bin/../lib/gcc/arm-none-eabi/13.3.1/../../../../arm-none-eabi/lib/thumb/v7-m/nofp\libc_nano.a(libc_a-snprintf.o)
                0x0801483c                sniprintf
                0x0801483c                snprintf
 .text.memset   0x080148a8       0x10 C:/ST/STM32CubeIDE_1.18.0/STM32CubeIDE/plugins/com.st.stm32cube.ide.mcu.externaltools.gnu-tools-for-stm32.13.3.rel1.win32_1.0.0.202411081344/tools/bin/../lib/gcc/arm-none-eabi/13.3.1/../../../../arm-none-eabi/lib/thumb/v7-m/nofp\libc_nano.a(libc_a-memset.o)
                0x080148a8                memset
 .text.strncmp  0x080148b8       0x24 C:/ST/STM32CubeIDE_1.18.0/STM32CubeIDE/plugins/com.st.stm32cube.ide.mcu.externaltools.gnu-tools-for-stm32.13.3.rel1.win32_1.0.0.202411081344/tools/bin/../lib/gcc/arm-none-eabi/13.3.1/../../../../arm-none-eabi/lib/thumb/v7-m/nofp\libc_nano.a(libc_a-strncmp.o)
                0x080148b8                strncmp
 .text.strstr   0x080148dc       0x2c C:/ST/STM32CubeIDE_1.18.0/STM32CubeIDE/plugins/com.st.stm32cube.ide.mcu.externaltools.gnu-tools-for-stm32.13.3.rel1.win32_1.0.0.202411081344/tools/bin/../lib/gcc/arm-none-eabi/13.3.1/../../../../arm-none-eabi/lib/thumb/v7-m/nofp\libc_nano.a(libc_a-strstr.o)
                0x080148dc                strstr
 .text._sbrk_r  0x08014908       0x20 C:/ST/STM32CubeIDE_1.18.0/STM32CubeIDE/plugins/com.st.stm32cube.ide.mcu.externaltools.gnu-tools-for-stm32.13.3.rel1.win32_1.0.0.202411081344/tools/bin/../lib/gcc/arm-none-eabi/13.3.1/../../../../arm-none-eabi/lib/thumb/v7-m/nofp\libc_nano.a(libc_a-sbrkr.o)
                0x08014908                _sbrk_r
 .text.__errno  0x08014928        0xc C:/ST/STM32CubeIDE_1.18.0/STM32CubeIDE/plugins/com.st.stm32cube.ide.mcu.externaltools.gnu-tools-for-stm32.13.3.rel1.win32_1.0.0.202411081344/tools/bin/../lib/gcc/arm-none-eabi/13.3.1/../../../../arm-none-eabi/lib/thumb/v7-m/nofp\libc_nano.a(libc_a-errno.o)
                0x08014928                __errno
 .text.__libc_init_array
                0x08014934       0x48 C:/ST/STM32CubeIDE_1.18.0/STM32CubeIDE/plugins/com.st.stm32cube.ide.mcu.externaltools.gnu-tools-for-stm32.13.3.rel1.win32_1.0.0.202411081344/tools/bin/../lib/gcc/arm-none-eabi/13.3.1/../../../../arm-none-eabi/lib/thumb/v7-m/nofp\libc_nano.a(libc_a-init.o)
                0x08014934                __libc_init_array
 .text.__retarget_lock_acquire_recursive
                0x0801497c        0x2 C:/ST/STM32CubeIDE_1.18.0/STM32CubeIDE/plugins/com.st.stm32cube.ide.mcu.externaltools.gnu-tools-for-stm32.13.3.rel1.win32_1.0.0.202411081344/tools/bin/../lib/gcc/arm-none-eabi/13.3.1/../../../../arm-none-eabi/lib/thumb/v7-m/nofp\libc_nano.a(libc_a-lock.o)
                0x0801497c                __retarget_lock_acquire_recursive
 .text.__retarget_lock_release_recursive
                0x0801497e        0x2 C:/ST/STM32CubeIDE_1.18.0/STM32CubeIDE/plugins/com.st.stm32cube.ide.mcu.externaltools.gnu-tools-for-stm32.13.3.rel1.win32_1.0.0.202411081344/tools/bin/../lib/gcc/arm-none-eabi/13.3.1/../../../../arm-none-eabi/lib/thumb/v7-m/nofp\libc_nano.a(libc_a-lock.o)
                0x0801497e                __retarget_lock_release_recursive
 .text.memcpy   0x08014980       0x1c C:/ST/STM32CubeIDE_1.18.0/STM32CubeIDE/plugins/com.st.stm32cube.ide.mcu.externaltools.gnu-tools-for-stm32.13.3.rel1.win32_1.0.0.202411081344/tools/bin/../lib/gcc/arm-none-eabi/13.3.1/../../../../arm-none-eabi/lib/thumb/v7-m/nofp\libc_nano.a(libc_a-memcpy-stub.o)
                0x08014980                memcpy
 .text._free_r  0x0801499c       0x90 C:/ST/STM32CubeIDE_1.18.0/STM32CubeIDE/plugins/com.st.stm32cube.ide.mcu.externaltools.gnu-tools-for-stm32.13.3.rel1.win32_1.0.0.202411081344/tools/bin/../lib/gcc/arm-none-eabi/13.3.1/../../../../arm-none-eabi/lib/thumb/v7-m/nofp\libc_nano.a(libc_a-freer.o)
                0x0801499c                _free_r
 .text.__ssputs_r
                0x08014a2c       0xb6 C:/ST/STM32CubeIDE_1.18.0/STM32CubeIDE/plugins/com.st.stm32cube.ide.mcu.externaltools.gnu-tools-for-stm32.13.3.rel1.win32_1.0.0.202411081344/tools/bin/../lib/gcc/arm-none-eabi/13.3.1/../../../../arm-none-eabi/lib/thumb/v7-m/nofp\libc_nano.a(libc_a-nano-svfprintf.o)
                0x08014a2c                __ssputs_r
 *fill*         0x08014ae2        0x2 
 .text._svfprintf_r
                0x08014ae4      0x1f8 C:/ST/STM32CubeIDE_1.18.0/STM32CubeIDE/plugins/com.st.stm32cube.ide.mcu.externaltools.gnu-tools-for-stm32.13.3.rel1.win32_1.0.0.202411081344/tools/bin/../lib/gcc/arm-none-eabi/13.3.1/../../../../arm-none-eabi/lib/thumb/v7-m/nofp\libc_nano.a(libc_a-nano-svfprintf.o)
                0x08014ae4                _svfiprintf_r
                0x08014ae4                _svfprintf_r
 .text._printf_common
                0x08014cdc       0xe4 C:/ST/STM32CubeIDE_1.18.0/STM32CubeIDE/plugins/com.st.stm32cube.ide.mcu.externaltools.gnu-tools-for-stm32.13.3.rel1.win32_1.0.0.202411081344/tools/bin/../lib/gcc/arm-none-eabi/13.3.1/../../../../arm-none-eabi/lib/thumb/v7-m/nofp\libc_nano.a(libc_a-nano-vfprintf_i.o)
                0x08014cdc                _printf_common
 .text._printf_i
                0x08014dc0      0x23c C:/ST/STM32CubeIDE_1.18.0/STM32CubeIDE/plugins/com.st.stm32cube.ide.mcu.externaltools.gnu-tools-for-stm32.13.3.rel1.win32_1.0.0.202411081344/tools/bin/../lib/gcc/arm-none-eabi/13.3.1/../../../../arm-none-eabi/lib/thumb/v7-m/nofp\libc_nano.a(libc_a-nano-vfprintf_i.o)
                0x08014dc0                _printf_i
 .text.memmove  0x08014ffc       0x34 C:/ST/STM32CubeIDE_1.18.0/STM32CubeIDE/plugins/com.st.stm32cube.ide.mcu.externaltools.gnu-tools-for-stm32.13.3.rel1.win32_1.0.0.202411081344/tools/bin/../lib/gcc/arm-none-eabi/13.3.1/../../../../arm-none-eabi/lib/thumb/v7-m/nofp\libc_nano.a(libc_a-memmove.o)
                0x08014ffc                memmove
 .text.memchr   0x08015030       0x1c C:/ST/STM32CubeIDE_1.18.0/STM32CubeIDE/plugins/com.st.stm32cube.ide.mcu.externaltools.gnu-tools-for-stm32.13.3.rel1.win32_1.0.0.202411081344/tools/bin/../lib/gcc/arm-none-eabi/13.3.1/../../../../arm-none-eabi/lib/thumb/v7-m/nofp\libc_nano.a(libc_a-memchr-stub.o)
                0x08015030                memchr
 .text._realloc_r
                0x0801504c       0x5c C:/ST/STM32CubeIDE_1.18.0/STM32CubeIDE/plugins/com.st.stm32cube.ide.mcu.externaltools.gnu-tools-for-stm32.13.3.rel1.win32_1.0.0.202411081344/tools/bin/../lib/gcc/arm-none-eabi/13.3.1/../../../../arm-none-eabi/lib/thumb/v7-m/nofp\libc_nano.a(libc_a-reallocr.o)
                0x0801504c                _realloc_r
 .text._malloc_usable_size_r
                0x080150a8       0x10 C:/ST/STM32CubeIDE_1.18.0/STM32CubeIDE/plugins/com.st.stm32cube.ide.mcu.externaltools.gnu-tools-for-stm32.13.3.rel1.win32_1.0.0.202411081344/tools/bin/../lib/gcc/arm-none-eabi/13.3.1/../../../../arm-none-eabi/lib/thumb/v7-m/nofp\libc_nano.a(libc_a-msizer.o)
                0x080150a8                _malloc_usable_size_r
 .text.pow      0x080150b8       0xd0 C:/ST/STM32CubeIDE_1.18.0/STM32CubeIDE/plugins/com.st.stm32cube.ide.mcu.externaltools.gnu-tools-for-stm32.13.3.rel1.win32_1.0.0.202411081344/tools/bin/../lib/gcc/arm-none-eabi/13.3.1/../../../../arm-none-eabi/lib/thumb/v7-m/nofp\libm.a(libm_a-w_pow.o)
                0x080150b8                pow
 .text.finite   0x08015188        0xc C:/ST/STM32CubeIDE_1.18.0/STM32CubeIDE/plugins/com.st.stm32cube.ide.mcu.externaltools.gnu-tools-for-stm32.13.3.rel1.win32_1.0.0.202411081344/tools/bin/../lib/gcc/arm-none-eabi/13.3.1/../../../../arm-none-eabi/lib/thumb/v7-m/nofp\libm.a(libm_a-s_finite.o)
                0x08015188                finite
 *fill*         0x08015194        0x4 
 .text.__ieee754_pow
                0x08015198      0xa54 C:/ST/STM32CubeIDE_1.18.0/STM32CubeIDE/plugins/com.st.stm32cube.ide.mcu.externaltools.gnu-tools-for-stm32.13.3.rel1.win32_1.0.0.202411081344/tools/bin/../lib/gcc/arm-none-eabi/13.3.1/../../../../arm-none-eabi/lib/thumb/v7-m/nofp\libm.a(libm_a-e_pow.o)
                0x08015198                __ieee754_pow
 .text.fabs     0x08015bec        0x8 C:/ST/STM32CubeIDE_1.18.0/STM32CubeIDE/plugins/com.st.stm32cube.ide.mcu.externaltools.gnu-tools-for-stm32.13.3.rel1.win32_1.0.0.202411081344/tools/bin/../lib/gcc/arm-none-eabi/13.3.1/../../../../arm-none-eabi/lib/thumb/v7-m/nofp\libm.a(libm_a-s_fabs.o)
                0x08015bec                fabs
 *fill*         0x08015bf4        0x4 
 .text.scalbn   0x08015bf8       0xe4 C:/ST/STM32CubeIDE_1.18.0/STM32CubeIDE/plugins/com.st.stm32cube.ide.mcu.externaltools.gnu-tools-for-stm32.13.3.rel1.win32_1.0.0.202411081344/tools/bin/../lib/gcc/arm-none-eabi/13.3.1/../../../../arm-none-eabi/lib/thumb/v7-m/nofp\libm.a(libm_a-s_scalbn.o)
                0x08015bf8                scalbn
 .text.with_errno
                0x08015cdc       0x14 C:/ST/STM32CubeIDE_1.18.0/STM32CubeIDE/plugins/com.st.stm32cube.ide.mcu.externaltools.gnu-tools-for-stm32.13.3.rel1.win32_1.0.0.202411081344/tools/bin/../lib/gcc/arm-none-eabi/13.3.1/../../../../arm-none-eabi/lib/thumb/v7-m/nofp\libm.a(libm_a-math_err.o)
 .text.xflow    0x08015cf0       0x26 C:/ST/STM32CubeIDE_1.18.0/STM32CubeIDE/plugins/com.st.stm32cube.ide.mcu.externaltools.gnu-tools-for-stm32.13.3.rel1.win32_1.0.0.202411081344/tools/bin/../lib/gcc/arm-none-eabi/13.3.1/../../../../arm-none-eabi/lib/thumb/v7-m/nofp\libm.a(libm_a-math_err.o)
 .text.__math_uflow
                0x08015d16        0xa C:/ST/STM32CubeIDE_1.18.0/STM32CubeIDE/plugins/com.st.stm32cube.ide.mcu.externaltools.gnu-tools-for-stm32.13.3.rel1.win32_1.0.0.202411081344/tools/bin/../lib/gcc/arm-none-eabi/13.3.1/../../../../arm-none-eabi/lib/thumb/v7-m/nofp\libm.a(libm_a-math_err.o)
                0x08015d16                __math_uflow
 .text.__math_oflow
                0x08015d20        0xa C:/ST/STM32CubeIDE_1.18.0/STM32CubeIDE/plugins/com.st.stm32cube.ide.mcu.externaltools.gnu-tools-for-stm32.13.3.rel1.win32_1.0.0.202411081344/tools/bin/../lib/gcc/arm-none-eabi/13.3.1/../../../../arm-none-eabi/lib/thumb/v7-m/nofp\libm.a(libm_a-math_err.o)
                0x08015d20                __math_oflow
 *fill*         0x08015d2a        0x2 
 .text.__ieee754_sqrt
                0x08015d2c      0x1a4 C:/ST/STM32CubeIDE_1.18.0/STM32CubeIDE/plugins/com.st.stm32cube.ide.mcu.externaltools.gnu-tools-for-stm32.13.3.rel1.win32_1.0.0.202411081344/tools/bin/../lib/gcc/arm-none-eabi/13.3.1/../../../../arm-none-eabi/lib/thumb/v7-m/nofp\libm.a(libm_a-e_sqrt.o)
                0x08015d2c                __ieee754_sqrt
 *(.glue_7)
 .glue_7        0x08015ed0        0x0 linker stubs
 *(.glue_7t)
 .glue_7t       0x08015ed0        0x0 linker stubs
 *(.eh_frame)
 .eh_frame      0x08015ed0        0x0 C:/ST/STM32CubeIDE_1.18.0/STM32CubeIDE/plugins/com.st.stm32cube.ide.mcu.externaltools.gnu-tools-for-stm32.13.3.rel1.win32_1.0.0.202411081344/tools/bin/../lib/gcc/arm-none-eabi/13.3.1/thumb/v7-m/nofp/crtbegin.o
 *(.init)
 .init          0x08015ed0        0x4 C:/ST/STM32CubeIDE_1.18.0/STM32CubeIDE/plugins/com.st.stm32cube.ide.mcu.externaltools.gnu-tools-for-stm32.13.3.rel1.win32_1.0.0.202411081344/tools/bin/../lib/gcc/arm-none-eabi/13.3.1/thumb/v7-m/nofp/crti.o
                0x08015ed0                _init
 .init          0x08015ed4        0x8 C:/ST/STM32CubeIDE_1.18.0/STM32CubeIDE/plugins/com.st.stm32cube.ide.mcu.externaltools.gnu-tools-for-stm32.13.3.rel1.win32_1.0.0.202411081344/tools/bin/../lib/gcc/arm-none-eabi/13.3.1/thumb/v7-m/nofp/crtn.o
 *(.fini)
 .fini          0x08015edc        0x4 C:/ST/STM32CubeIDE_1.18.0/STM32CubeIDE/plugins/com.st.stm32cube.ide.mcu.externaltools.gnu-tools-for-stm32.13.3.rel1.win32_1.0.0.202411081344/tools/bin/../lib/gcc/arm-none-eabi/13.3.1/thumb/v7-m/nofp/crti.o
                0x08015edc                _fini
 .fini          0x08015ee0        0x8 C:/ST/STM32CubeIDE_1.18.0/STM32CubeIDE/plugins/com.st.stm32cube.ide.mcu.externaltools.gnu-tools-for-stm32.13.3.rel1.win32_1.0.0.202411081344/tools/bin/../lib/gcc/arm-none-eabi/13.3.1/thumb/v7-m/nofp/crtn.o
                0x08015ee8                        . = ALIGN (0x4)
                0x08015ee8                        _etext = .

.vfp11_veneer   0x08015ee8        0x0
 .vfp11_veneer  0x08015ee8        0x0 linker stubs

.v4_bx          0x08015ee8        0x0
 .v4_bx         0x08015ee8        0x0 linker stubs

.iplt           0x08015ee8        0x0
 .iplt          0x08015ee8        0x0 C:/ST/STM32CubeIDE_1.18.0/STM32CubeIDE/plugins/com.st.stm32cube.ide.mcu.externaltools.gnu-tools-for-stm32.13.3.rel1.win32_1.0.0.202411081344/tools/bin/../lib/gcc/arm-none-eabi/13.3.1/thumb/v7-m/nofp/crtbegin.o

.rodata         0x08015ee8     0x17b0
                0x08015ee8                        . = ALIGN (0x4)
 *(.rodata)
 .rodata        0x08015ee8       0x4c ./Core/Src/main.o
 .rodata        0x08015f34       0x12 ./Drivers/ioLibrary_Driver-master/Internet/DHCP/dhcp.o
 *fill*         0x08015f46        0x2 
 .rodata        0x08015f48       0x8b ./USB_DEVICE/App/usbd_cdc_if.o
 *fill*         0x08015fd3        0x1 
 .rodata        0x08015fd4       0x42 ./USB_DEVICE/App/usbd_desc.o
 *(.rodata*)
 *fill*         0x08016016        0x2 
 .rodata.AHBPrescTable
                0x08016018       0x10 ./Core/Src/system_stm32f1xx.o
                0x08016018                AHBPrescTable
 .rodata.APBPrescTable
                0x08016028        0x8 ./Core/Src/system_stm32f1xx.o
                0x08016028                APBPrescTable
 .rodata.Font7x10
                0x08016030      0x76c ./Drivers/OLED/ssd1306_fonts.o
 .rodata.Font11x18
                0x0801679c      0xd5c ./Drivers/OLED/ssd1306_fonts.o
 .rodata.Font_7x10
                0x080174f8        0xc ./Drivers/OLED/ssd1306_fonts.o
                0x080174f8                Font_7x10
 .rodata.Font_11x18
                0x08017504        0xc ./Drivers/OLED/ssd1306_fonts.o
                0x08017504                Font_11x18
 .rodata.aPLLMULFactorTable.1
                0x08017510       0x10 ./Drivers/STM32F1xx_HAL_Driver/Src/stm32f1xx_hal_rcc.o
 .rodata.aPredivFactorTable.0
                0x08017520        0x2 ./Drivers/STM32F1xx_HAL_Driver/Src/stm32f1xx_hal_rcc.o
 .rodata._ctype_
                0x08017522      0x101 C:/ST/STM32CubeIDE_1.18.0/STM32CubeIDE/plugins/com.st.stm32cube.ide.mcu.externaltools.gnu-tools-for-stm32.13.3.rel1.win32_1.0.0.202411081344/tools/bin/../lib/gcc/arm-none-eabi/13.3.1/../../../../arm-none-eabi/lib/thumb/v7-m/nofp\libc_nano.a(libc_a-ctype_.o)
                0x08017522                _ctype_
 .rodata._svfprintf_r.str1.1
                0x08017623       0x33 C:/ST/STM32CubeIDE_1.18.0/STM32CubeIDE/plugins/com.st.stm32cube.ide.mcu.externaltools.gnu-tools-for-stm32.13.3.rel1.win32_1.0.0.202411081344/tools/bin/../lib/gcc/arm-none-eabi/13.3.1/../../../../arm-none-eabi/lib/thumb/v7-m/nofp\libc_nano.a(libc_a-nano-svfprintf.o)
                                 0x11 (size before relaxing)
 .rodata._printf_i.str1.1