../Core/Src/main.c:109:6:set_freqq	136	static
../Core/Src/main.c:118:6:int_to_str	40	static
../Core/Src/main.c:143:6:Is_Flash_Valid	16	static
../Core/Src/main.c:154:6:Read_Flash_Array	24	static
../Core/Src/main.c:166:6:Write_Flash_Array	96	static
../Core/Src/main.c:199:5:get_encoder	4	static
../Core/Src/main.c:203:6:set_encoder	16	static
../Core/Src/main.c:208:6:print_interface_mode0	16	static
../Core/Src/main.c:229:6:print_interface_mode1	40	static
../Core/Src/main.c:283:6:int_mode_0	8	static
../Core/Src/main.c:306:6:min_freq	4	static
../Core/Src/main.c:311:6:max_freq	4	static
../Core/Src/main.c:322:6:int_mode_1	24	static
../Core/Src/main.c:381:10:str_to_int	24	static
../Core/Src/main.c:394:6:W5500_Select	8	static
../Core/Src/main.c:398:6:W5500_Unselect	8	static
../Core/Src/main.c:402:6:W5500_ReadBuff	16	static
../Core/Src/main.c:406:6:W5500_WriteBuff	16	static
../Core/Src/main.c:410:9:W5500_ReadByte	16	static
../Core/Src/main.c:416:6:W5500_WriteByte	16	static
../Core/Src/main.c:420:6:Callback_IPAssigned	4	static
../Core/Src/main.c:424:6:Callback_IPConflict	4	static
../Core/Src/main.c:430:6:process_client_connection	1056	static
../Core/Src/main.c:480:9:init_server	16	static
../Core/Src/main.c:501:6:ethernet_work	16	static
../Core/Src/main.c:553:9:W5500Init	24	static
../Core/Src/main.c:602:6:HAL_TIM_PeriodElapsedCallback	16	static
../Core/Src/main.c:631:5:main	144	static
../Core/Src/main.c:727:6:SystemClock_Config	88	static
../Core/Src/main.c:774:13:MX_I2C1_Init	8	static
../Core/Src/main.c:808:13:MX_I2C2_Init	8	static
../Core/Src/main.c:842:13:MX_SPI1_Init	8	static
../Core/Src/main.c:880:13:MX_TIM1_Init	56	static
../Core/Src/main.c:930:13:MX_TIM2_Init	48	static
../Core/Src/main.c:979:13:MX_GPIO_Init	40	static
../Core/Src/main.c:1031:6:Error_Handler	4	static,ignoring_inline_asm
