../Core/Src/main.c:78:7:si5351_set_frequency	104	static
../Core/Src/main.c:139:6:int_to_str	40	static
../Core/Src/main.c:164:5:get_encoder	4	static
../Core/Src/main.c:168:6:set_encoder	16	static
../Core/Src/main.c:173:6:print_interface_mode0	16	static
../Core/Src/main.c:192:6:print_interface_mode1	40	static
../Core/Src/main.c:231:6:int_mode_0	8	static
../Core/Src/main.c:251:6:min_freq	4	static
../Core/Src/main.c:256:6:max_freq	4	static
../Core/Src/main.c:267:6:int_mode_1	24	static
../Core/Src/main.c:334:6:HAL_TIM_PeriodElapsedCallback	16	static
../Core/Src/main.c:361:5:main	8	static
../Core/Src/main.c:448:6:SystemClock_Config	88	static
../Core/Src/main.c:495:13:MX_I2C1_Init	8	static
../Core/Src/main.c:529:13:MX_I2C2_Init	8	static
../Core/Src/main.c:563:13:MX_TIM1_Init	56	static
../Core/Src/main.c:613:13:MX_TIM2_Init	48	static
../Core/Src/main.c:662:13:MX_GPIO_Init	40	static
../Core/Src/main.c:704:6:Error_Handler	4	static,ignoring_inline_asm
../Core/Src/main.c:723:6:assert_failed	16	static
