../Core/Src/main.c:444:6:W5500_Select	0	static
../Core/Src/main.c:448:6:W5500_Unselect	0	static
../Core/Src/main.c:452:6:W5500_ReadBuff	0	static
../Core/Src/main.c:460:9:W5500_ReadByte	16	static
../Core/Src/main.c:456:6:W5500_WriteBuff	0	static
../Core/Src/main.c:466:6:W5500_WriteByte	16	static
../Core/Src/main.c:107:7:si5351_set_frequency	48	static
../Core/Src/main.c:168:6:int_to_str	32	static
../Core/Src/main.c:193:6:Is_Flash_Valid	0	static
../Core/Src/main.c:204:6:Read_Flash_Array	8	static
../Core/Src/main.c:216:6:Write_Flash_Array	64	static
../Core/Src/main.c:249:5:get_encoder	0	static
../Core/Src/main.c:253:6:set_encoder	0	static
../Core/Src/main.c:258:6:print_interface_mode0	24	static
../Core/Src/main.c:279:6:print_interface_mode1	56	static
../Core/Src/main.c:333:6:int_mode_0	8	static
../Core/Src/main.c:356:6:min_freq	0	static
../Core/Src/main.c:361:6:max_freq	0	static
../Core/Src/main.c:372:6:int_mode_1	64	static
../Core/Src/main.c:431:10:str_to_int	12	static
../Core/Src/main.c:474:6:process_client_connection	1056	static
../Core/Src/main.c:520:9:init_server	16	static
../Core/Src/main.c:543:6:ethernet_work	8	static
../Core/Src/main.c:593:6:HAL_TIM_PeriodElapsedCallback	0	static
../Core/Src/main.c:719:6:SystemClock_Config	96	static,ignoring_inline_asm
../Core/Src/main.c:622:5:main	72	static,ignoring_inline_asm
../Core/Src/main.c:1023:6:Error_Handler	0	static,ignoring_inline_asm
../Core/Src/main.c:1042:6:assert_failed	0	static
