../Core/Src/si5351.c:822:9:get_correction	0	static
../Core/Src/si5351.c:1263:6:set_ref_freq	0	static
../Core/Src/si5351.c:1310:10:pll_calc	40	static
../Core/Src/si5351.c:1396:10:multisynth_calc	40	static
../Core/Src/si5351.c:1494:10:multisynth67_calc	24	static
../Core/Src/si5351.c:1679:9:select_r_div	16	static
../Core/Src/si5351.c:1723:9:select_r_div_ms67	16	static
../Core/Src/si5351.c:1775:9:si5351_write_bulk	24	static
../Core/Src/si5351.c:506:6:set_pll	72	static
../Core/Src/si5351.c:783:6:set_correction	8	static
../Core/Src/si5351.c:1785:9:si5351_write	32	static
../Core/Src/si5351.c:804:6:set_phase	0	static
../Core/Src/si5351.c:1181:6:set_vcxo	72	static
../Core/Src/si5351.c:835:6:pll_reset	0	static
../Core/Src/si5351.c:1790:9:si5351_read	48	static
../Core/Src/si5351.c:685:6:output_enable	16	static
../Core/Src/si5351.c:713:6:si5351_drive_strength	16	static
../Core/Src/si5351.c:857:6:set_ms_source	16	static
../Core/Src/si5351.c:115:6:si5351_reset	32	static
../Core/Src/si5351.c:62:6:si5351_init	24	static
../Core/Src/si5351.c:886:6:set_int	16	static
../Core/Src/si5351.c:931:6:set_clock_pwr	16	static
../Core/Src/si5351.c:957:6:set_clock_invert	16	static
../Core/Src/si5351.c:987:6:set_clock_source	16	static
../Core/Src/si5351.c:1033:6:set_clock_disable	16	static
../Core/Src/si5351.c:1075:6:set_clock_fanout	16	static
../Core/Src/si5351.c:1127:6:set_pll_input	16	static
../Core/Src/si5351.c:1583:6:update_sys_status	8	static
../Core/Src/si5351.c:1597:6:update_int_status	8	static
../Core/Src/si5351.c:751:6:update_status	8	static
../Core/Src/si5351.c:1610:6:ms_div	24	static
../Core/Src/si5351.c:583:6:set_ms	80	static
../Core/Src/si5351.c:189:9:si5351_set_freq	104	static
../Core/Src/si5351.c:451:9:set_freq_manual	72	static
