../Core/Src/stm32f1xx_hal_msp.c:65:6:HAL_MspInit	16	static
../Core/Src/stm32f1xx_hal_msp.c:97:6:HAL_I2C_MspInit	40	static
../Core/Src/stm32f1xx_hal_msp.c:163:6:HAL_I2C_MspDeInit	8	static
../Core/Src/stm32f1xx_hal_msp.c:220:6:HAL_SPI_MspInit	32	static
../Core/Src/stm32f1xx_hal_msp.c:264:6:HAL_SPI_MspDeInit	8	static
../Core/Src/stm32f1xx_hal_msp.c:296:6:HAL_TIM_Encoder_MspInit	32	static
../Core/Src/stm32f1xx_hal_msp.c:340:6:HAL_TIM_PWM_MspInit	16	static
../Core/Src/stm32f1xx_hal_msp.c:360:6:HAL_TIM_MspPostInit	32	static
../Core/Src/stm32f1xx_hal_msp.c:392:6:HAL_TIM_Encoder_MspDeInit	8	static
../Core/Src/stm32f1xx_hal_msp.c:426:6:HAL_TIM_PWM_MspDeInit	0	static
